(Var) = λa0 λVar λNum λApp λFun λIf λLet λDup λTup λOp2 (Var a0)

(Num) = λa0 λVar λNum λApp λFun λIf λLet λDup λTup λOp2 (Num a0)

(App) = λa0 λa1 λVar λNum λApp λFun λIf λLet λDup λTup λOp2 ((App a0) a1)

(Fun) = λa0 λa1 λVar λNum λApp λFun λIf λLet λDup λTup λOp2 ((Fun a0) a1)

(If) = λa0 λa1 λa2 λVar λNum λApp λFun λIf λLet λDup λTup λOp2 (((If a0) a1) a2)

(Let) = λa0 λa1 λa2 λVar λNum λApp λFun λIf λLet λDup λTup λOp2 (((Let a0) a1) a2)

(Dup) = λa0 λa1 λa2 λa3 λVar λNum λApp λFun λIf λLet λDup λTup λOp2 ((((Dup a0) a1) a2) a3)

(Tup) = λa0 λa1 λVar λNum λApp λFun λIf λLet λDup λTup λOp2 ((Tup a0) a1)

(Op2) = λa0 λa1 λa2 λVar λNum λApp λFun λIf λLet λDup λTup λOp2 (((Op2 a0) a1) a2)

(Add) = λAdd λSub λMul λDiv Add

(Sub) = λAdd λSub λMul λDiv Sub

(Mul) = λAdd λSub λMul λDiv Mul

(Div) = λAdd λSub λMul λDiv Div