1 (C_z) =
  $ (0 * @8)
  
2 (C_s) =
  $ (0 (0 a (0 b c)) (0 (1 (0 c d) a) (0 b d)))
  
3 (Z) =
  $ (0 * @9)
  
4 (S) =
  $ (0 a (0 (0 a b) (0 * b)))
  
5 (C_1) =
  $ (0 (0 a b) (0 a b))
  
6 (C_2) =
  $ (0 (1 (0 a b) (0 c a)) (0 c b))
  
7 (Main) =
  $ a
  & (0 @4 (0 @3 a))
  ~ @6
  
8 (C_z$0) =
  $ (0 a a)
  
9 (Z$0) =
  $ (0 a a)
  