@1 = ([(a b) (c a)] (c b))
@2 = (a ((a b) (* (* b))))
@3 = (a (* ((a b) (* b))))
@4 = (* @G)
@5 = ((@6 (@7 (@4 a))) a)
@6 = (a b)
& (c b) ~ @5
& (d c) ~ @8
& (a d) ~ @2
@7 = (a b)
& (c b) ~ @5
& (d c) ~ @8
& (a d) ~ @3
@8 = ((@9 (@A (@4 a))) a)
@9 = (a b)
& (c b) ~ @3
& (a c) ~ @8
@A = (a b)
& (a b) ~ @B
@B = ((@C (@D (@4 a))) a)
@C = (a b)
& (c b) ~ @2
& (a c) ~ @2
@D = (a b)
& (c b) ~ @2
& (a c) ~ @3
@F = (a a)
@G = (* @F)
@main = a
& (b a) ~ @5
& (@3 (@4 b)) ~ @1
