@1 = a
& (@8 a) ~ @7
@2 = a
& (@1 a) ~ @9
@3 = a
& (@C a) ~ @A
@4 = ({2 (a b) c} b)
& (c a) ~ @D
@5 = (a (b c))
& <d <e c>> ~ #3
& <f <#1 e>> ~ #4
& <b <#2 f>> ~ #2
& <a <#1 d>> ~ #1
@7 = (a a)
@8 = (a a)
@9 = (a a)
@A = (a a)
@B = (a a)
@C = (* @B)
@D = ({2 a {3 b {4 c {5 d (d (c (b (a e))))}}}} e)
@main = a
& (#1 a) ~ @Def2
