@1 (Def1) =
  a
  & (@7 a) ~ @6
@2 (Def2) =
  a
  & (@1 a) ~ @8
@3 (def3) =
  a
  & (@B a) ~ @9
@4 (def4) =
  ([(a b) c] b)
  & (c a) ~ @C
@5 (Main) =
  a
  & (#1 a) ~ @2
@6 (Def1$0) =
  (a a)
@7 (Def1$1) =
  (a a)
@8 (Def2$0) =
  (a a)
@9 (def3$0) =
  (a a)
@A (def3$1) =
  (a a)
@B (def3$2) =
  (* @A)
@C (def4$0) =
  ([a {2 b {3 c {4 d (d (c (b (a e))))}}}] e)