---
source: tests/golden_tests.rs
input_file: tests/golden_tests/adt_generation/weekday.hvm
---
(main) = (λx x Saturday)

(Monday) = λMonday λTuesday λWednesday λThursday λFriday λSaturday λSunday Monday

(Tuesday) = λMonday λTuesday λWednesday λThursday λFriday λSaturday λSunday Tuesday

(Wednesday) = λMonday λTuesday λWednesday λThursday λFriday λSaturday λSunday Wednesday

(Thursday) = λMonday λTuesday λWednesday λThursday λFriday λSaturday λSunday Thursday

(Friday) = λMonday λTuesday λWednesday λThursday λFriday λSaturday λSunday Friday

(Saturday) = λMonday λTuesday λWednesday λThursday λFriday λSaturday λSunday Saturday

(Sunday) = λMonday λTuesday λWednesday λThursday λFriday λSaturday λSunday Sunday
