---
source: tests/golden_tests.rs
input_file: tests/golden_tests/check_file/type_err_match_arm.bend
---
[4m[1m[31mErrors:[0m
[1mIn [4mtests/golden_tests/check_file/type_err_match_arm.bend[0m[1m :[0m
[1mIn definition '[4mTest1[0m[1m':[0m
  In (Nat_/Zero, Nat_/Zero):
  Can't unify '(Nat_, Nat_)' and '(Unit, Nat_)'.
