---
source: tests/golden_tests.rs
input_file: tests/golden_tests/cli/compile_strict_loop.bend
---
@A = (((?((0 (* (* (a b)))) c) c) d) d)
  & @A ~ (a b)

@List/Cons = (a (b ((@List/Cons/tag (a (b c))) c)))

@List/Cons/tag = 1

@List/Nil = ((@List/Nil/tag a) a)

@List/Nil/tag = 0

@main = c
  & @A ~ (b c)
  & @List/Cons ~ (4 (a b))
  & @List/Cons ~ (4 (@List/Nil a))
