---
source: tests/golden_tests.rs
input_file: tests/golden_tests/cli/compile_pre_reduce.hvm
---
error: invalid value 'pre-reduce' for '-O <COMP_OPTS>'
  [possible values: all, no-all, eta, no-eta, prune, no-prune, linearize-matches, linearize-matches-alt, no-linearize-matches, float-combinators, no-float-combinators, merge, no-merge, inline, no-inline, recursive-last, no-recursive-last]

For more information, try '--help'.
