---
source: tests/golden_tests.rs
input_file: tests/golden_tests/cli/run_pretty.hvm
---
Result:
λa switch a = a {
  0: λa switch a {
      0: (String.cons 98 (String.cons 97 String.nil));
      _: λ* (String.cons 116 (String.cons 97 String.nil));
    };
  _: λ* λb λ* (b 97 λc λ* (c 116 λd λ* (d 97 String.nil)));
}
