---
source: tests/golden_tests.rs
input_file: tests/golden_tests/cli/desugar_bool_tagged.hvm
---
error: invalid value 'adt-tagged-scott' for '-O <COMP_OPTS>'
  [possible values: all, no-all, eta, no-eta, prune, no-prune, linearize-matches, linearize-matches-alt, no-linearize-matches, float-combinators, no-float-combinators, merge, no-merge, inline, no-inline]

For more information, try '--help'.
