---
source: tests/golden_tests.rs
input_file: tests/golden_tests/cli/debug_list_map_lazy.hvm
---
(List.cons $b $c)
---------------------------------------
(List.cons $b $c)
---------------------------------------
(List.cons $b $c)
---------------------------------------
(List.cons $b $c)
---------------------------------------
(List.cons $b $c)
---------------------------------------
(List.cons $b $c)
---------------------------------------
(List.cons $b $c)
---------------------------------------
(List.cons $b (List.cons $d $e))
---------------------------------------
(List.cons $b (List.cons $d $e))
---------------------------------------
(List.cons $b (List.cons $d $e))
---------------------------------------
(List.cons $b (List.cons $d $e))
---------------------------------------
(List.cons $b (List.cons $d $e))
---------------------------------------
(List.cons $b (List.cons $d $e))
---------------------------------------
(List.cons $b (List.cons $d $e))
---------------------------------------
(List.cons $b (List.cons $d (List.cons $f $g)))
---------------------------------------
(List.cons $b (List.cons $d (List.cons $f $g)))
---------------------------------------
(List.cons $b (List.cons $d (List.cons $f $g)))
---------------------------------------
(List.cons $b (List.cons $d (List.cons $f $g)))
---------------------------------------
(List.cons $b (List.cons $d (List.cons $f $g)))
---------------------------------------
(List.cons $b (List.cons $d (List.cons $f $g)))
---------------------------------------
(List.cons $b (List.cons $d (List.cons $f $g)))
---------------------------------------
(List.cons $b (List.cons $d (List.cons $f (List.cons $h $i))))
---------------------------------------
(List.cons $b (List.cons $d (List.cons $f (List.cons $h $i))))
---------------------------------------
(List.cons $b (List.cons $d (List.cons $f (List.cons $h $i))))
---------------------------------------
(List.cons $b (List.cons $d (List.cons $f (List.cons $h $i))))
---------------------------------------
(List.cons $b (List.cons $d (List.cons $f (List.cons $h $i))))
---------------------------------------
(List.cons $b (List.cons $d (List.cons $f (List.cons $h $i))))
---------------------------------------
(List.cons $b (List.cons $d (List.cons $f (List.cons $h $i))))
---------------------------------------
[$b, $d, $f, $h]
---------------------------------------
[$b, $d, $f, $h]
---------------------------------------
[$b, $d, $f, $h]
---------------------------------------
[$b, $d, $f, $h]
---------------------------------------
[$b, $d, $f, $h]
---------------------------------------
[$b, $d, $f, 91]
---------------------------------------
[$b, $d, 256, 91]
---------------------------------------
[$b, 42, 256, 91]
---------------------------------------
[2, 42, 256, 91]
---------------------------------------
[2, 42, 256, 91]
