---
source: tests/golden_tests.rs
input_file: tests/golden_tests/compile_file/str.hvm
---
@SCons = (a (b {4 {8 a {6 b c}} {4 * c}}))
@SNil = {4 * {4 a a}}
@main = a
& @SCons ~ (#109 (b a))
& @SCons ~ (#97 (c b))
& @SCons ~ (#105 (d c))
& @SCons ~ (#110 (e d))
& @SCons ~ (#32 (f e))
& @SCons ~ (#61 (@SNil f))

