---
source: tests/golden_tests.rs
input_file: tests/golden_tests/compile_file/match_num_all_patterns.hvm
---
Warnings:
In definition 'succ_var':
  Definition is unused.
In definition 'succ_var_zero':
  Definition is unused.
In definition 'succ_zero':
  Definition is unused.
In definition 'succ_zero_succ':
  Definition is unused.
In definition 'succ_zero_var':
  Definition is unused.
In definition 'var_succ':
  Definition is unused.
In definition 'var_zero':
  Definition is unused.
In definition 'zero_succ':
  Definition is unused.
In definition 'zero_succ_var':
  Definition is unused.
In definition 'zero_var':
  Definition is unused.
In definition 'zero_var_succ':
  Definition is unused.

@main = #0
@succ_var = (?<(#0 (a a)) b> b)
@succ_var_zero = (?<(a @succ_var_zero$S0) b> b)
& #0 ~ <+ #1 a>
@succ_var_zero$S0 = (<+ #2 a> a)
@succ_zero = (?<(#0 (a a)) b> b)
@succ_zero_succ = (?<(#0 (a a)) b> b)
@succ_zero_var = (?<(#0 (a a)) b> b)
@var_succ = (a a)
@var_zero = (a a)
@zero_succ = (?<(#0 (a a)) b> b)
@zero_succ_var = (?<(#0 (a a)) b> b)
@zero_var = (?<(#0 @zero_var$S0) a> a)
@zero_var$S0 = (<+ #1 <- #1 a>> a)
@zero_var_succ = (?<(#0 @zero_var_succ$S0) a> a)
@zero_var_succ$S0 = (<+ #1 <- #1 a>> a)
