---
source: tests/golden_tests.rs
input_file: tests/golden_tests/compile_file_o_all/expr.hvm
---
@App = (a (b (* (* ((a (b c)) (* (* (* (* (* (* c)))))))))))

@Dup = (a (b (c (d (* (* (* (* (* (* ((a (b (c (d e)))) (* (* e)))))))))))))

@Let = (a (b (c (* (* (* (* (* ((a (b (c d))) (* (* (* d))))))))))))

@Mul = (* (* (a (* a))))

@Num = (a (* ((a b) (* (* (* (* (* (* (* b))))))))))

@Op2 = (a (b (c (* (* (* (* (* (* (* (* ((a (b (c d))) d))))))))))))

@Sub = (* (a (* (* a))))

@Var = (a ((a b) (* (* (* (* (* (* (* (* b))))))))))

@main = n
  & @Let ~ (a (f (m n)))
  & @Var ~ (#1 a)
  & @Op2 ~ (@Mul (e f))
  & @Op2 ~ (@Sub (b (c (d e))))
  & @Num ~ (#33 b)
  & @Num ~ (#17 c)
  & @Num ~ (#49 d)
  & @Dup ~ (g (h (i (l m))))
  & @Var ~ (#17 g)
  & @Var ~ (#33 h)
  & @Var ~ (#1 i)
  & @App ~ (j (k l))
  & @Var ~ (#17 j)
  & @Var ~ (#33 k)
