---
source: tests/golden_tests.rs
input_file: tests/golden_tests/compile_file/list_merge_sort.hvm
---
@F = (a (* a))
@G = (* (a a))
@J = (* @Nil)
@L = {10 a {8 {6 @L {6 @J (b c)}} ({5 b (a d)} {6 {10 d {8 c e}} {6 * e}})}}
@Map = ({6 @L {6 @J a}} a)
@Nil = {6 * {6 a a}}
@Pure = (a {6 {10 a {8 @Nil b}} {6 * b}})
@Q = {10 a {8 {6 @i {6 @j (b (a c))}} (b c)}}
@R = (* @Nil)
@Unpack = (a ({6 @Q {6 @R (a b)}} b))
@V = {10 a {8 {6 @o {6 @p (b (a c))}} (b c)}}
@W = (* @Nil)
@b = {10 {17 a {19 b c}} {8 {21 {6 @b {6 @c (d (e (f g)))}} h} ({7 d {9 i (j (c {4 @F {4 @G ({6 {10 k {8 l m}} {6 * m}} ({6 {10 a {8 g n}} {6 * n}} o))}}))}} ({11 e {13 k j}} ({15 f {6 @d {6 @e (i ({6 {10 b {8 h p}} {6 * p}} l))}}} o)))}}
@c = (* @s)
@d = {10 a {8 b (c ({6 @b {6 @c (c (a (b d)))}} d))}}
@e = (* (a a))
@i = {10 a {8 {6 @V {6 @W (b {6 @i {6 @j (c (d e))}})}} ({23 {25 b f} c} ({6 @d {6 @e (f (a d))}} e))}}
@j = (* (a a))
@main = (a (b c))
& @Unpack ~ (a (d c))
& @Map ~ (b (@Pure d))
@o = {10 a {8 {6 @V {6 @W (b c)}} ({25 b d} ({6 @d {6 @e (d (a e))}} {6 {10 e {8 c f}} {6 * f}}))}}
@p = (* @u)
@s = (a (b {6 {10 a {8 b c}} {6 * c}}))
@u = (a {6 {10 a {8 @Nil b}} {6 * b}})

