---
source: tests/golden_tests.rs
input_file: tests/golden_tests/compile_file_o_all/scrutinee_reconstruction.bend
---
@Option/None = (* (a a))

@Option/Some = (a ((a b) (* b)))

@Option/or = ((@Option/or__C0 ((a a) b)) b)

@Option/or__C0 = (a (* b))
  & @Option/Some ~ (a b)

@main = b
  & @Option/or ~ (a (@Option/None b))
  & @Option/Some ~ (5 a)
