---
source: tests/golden_tests.rs
input_file: tests/golden_tests/compile_file/scrutinee_reconstruction.hvm
---
@7 = (* (a a))
@8 = {6 * @A}
@A = (a (* a))
@None = {4 * {4 a a}}
@Option.or = ({5 a {4 @8 {4 @7 (a (b c))}}} (b c))
@Some = (a {4 {6 a b} {4 * b}})
@main = a
& @Option.or ~ (b (@None a))
& @Some ~ (#5 b)

