---
source: tests/golden_tests.rs
input_file: tests/golden_tests/compile_file/scrutinee_reconstruction.hvm
---
@5 = ((@6 (@7 a)) a)
@6 = (* @A)
@7 = (* (a a))
@A = (a (* a))
@None = (* (a a))
@Option.or = ({3 a b} c)
& @5 ~ (b (a c))
@Some = (a ((a b) (* b)))
@main = a
& @Option.or ~ (b (@None a))
& @Some ~ (#5 b)

