---
source: tests/golden_tests.rs
input_file: tests/golden_tests/compile_file/list_reverse.hvm
---
@6 = (a ({2 @6 {2 @nil {2 @A {2 @B ({2 (a (@nil b)) {2 * b}} c)}}}} c))
@A = (a ({2 @A {2 @B (b c)}} (b {2 (a (c d)) {2 * d}})))
@B = (a a)
@cons = (a (b {2 (a (b c)) {2 * c}}))
@main = a
& @reverse ~ (b a)
& @cons ~ (#3 (c b))
& @cons ~ (#2 (d c))
& @cons ~ (#1 (@nil d))
@nil = {2 * {2 a a}}
@reverse = ({2 @6 {2 @nil a}} a)

