---
source: tests/golden_tests.rs
input_file: tests/golden_tests/compile_file_o_all/expr.hvm
---
@App = (a (b {2 * {2 * {2 {2 a {2 b c}} {2 * {2 * {2 * {2 * {2 * {2 * c}}}}}}}}}))

@Dup = (a (b (c (d {2 * {2 * {2 * {2 * {2 * {2 * {2 {2 a {2 b {2 c {2 d e}}}} {2 * {2 * e}}}}}}}}}))))

@Let = (a (b (c {2 * {2 * {2 * {2 * {2 * {2 {2 a {2 b {2 c d}}} {2 * {2 * {2 * d}}}}}}}}})))

@Mul = {4 * @Mul$C1}

@Mul$C0 = {4 a {4 * a}}

@Mul$C1 = {4 * @Mul$C0}

@Num = (a {2 * {2 {2 a b} {2 * {2 * {2 * {2 * {2 * {2 * {2 * b}}}}}}}}})

@Op2 = (a (b (c {2 * {2 * {2 * {2 * {2 * {2 * {2 * {2 * {2 {2 a {2 b {2 c d}}} d}}}}}}}}})))

@Sub = {4 * @Sub$C0}

@Sub$C0 = {4 a {4 * {4 * a}}}

@Var = (a {2 {2 a b} {2 * {2 * {2 * {2 * {2 * {2 * {2 * {2 * b}}}}}}}}})

@main = a
  & @Let ~ (b (c (d a)))
  & @Dup ~ (e (f (g (h d))))
  & @App ~ (i (j h))
  & @Var ~ (#2 j)
  & @Var ~ (#1 i)
  & @Var ~ (#0 g)
  & @Var ~ (#2 f)
  & @Var ~ (#1 e)
  & @Op2 ~ (@Mul (k c))
  & @Op2 ~ (@Sub (l (m (n k))))
  & @Num ~ (#3 n)
  & @Num ~ (#1 m)
  & @Num ~ (#2 l)
  & @Var ~ (#0 b)
