---
source: tests/golden_tests.rs
input_file: tests/golden_tests/compile_file/ex2.hvm
---
@E = (* @G)
@F = (a a)
@G = (* @F)
@I = (a (* ((a b) (* b))))
@O = (a ((a b) (* (* b))))
@c2 = ({0 (a b) (c a)} (c b))
@dec = ((@decO (@low (@E a))) a)
@decO = (a b)
& @dec ~ (a c)
& @I ~ (c b)
@low = ((@lowO (@lowI (@E a))) a)
@lowI = (a b)
& @I ~ (a c)
& @O ~ (c b)
@lowO = (a b)
& @O ~ (a c)
& @O ~ (c b)
@main = a
& @c2 ~ (@I (@E b))
& @run ~ (b a)
@run = ((@runO (@runI (@E a))) a)
@runI = (a b)
& @I ~ (a c)
& @dec ~ (c d)
& @run ~ (d b)
@runO = (a b)
& @O ~ (a c)
& @dec ~ (c d)
& @run ~ (d b)

