---
source: tests/golden_tests.rs
input_file: tests/golden_tests/compile_file_o_all/ex2.hvm
---
@E = (* @a)
@I = (a (* ((a b) (* b))))
@a = (* (a a))
@decO = ((@decO (@low (@E a))) (* ((a b) (* b))))
& @run ~ (b a)
& @c2 ~ (@I (@E b))
@run = ((@runO (@runI (@E a))) a)
@runI = ((@lowO (@lowI (@E (@runO (@runI (@E a)))))) a)
@runO = ((@decO (@low (@E (@lowO (@lowI (@E (@runO (@runI (@E a))))))))) a)

