---
source: tests/golden_tests.rs
input_file: tests/golden_tests/compile_file_o_all/list_reverse.hvm
---
@8 = {6 a {4 {2 @8 {2 @nil {2 @C {2 @B ({2 {6 a {4 @nil b}} {2 * b}} c)}}}} c}}
@B = (a a)
@C = {6 a {4 {2 @C {2 @B (b c)}} (b {2 {6 a {4 c d}} {2 * d}})}}
@cons = (a (b {2 {6 a {4 b c}} {2 * c}}))
@main = a
& @reverse ~ (b a)
& @cons ~ (#3 (c b))
& @cons ~ (#2 (d c))
& @cons ~ (#1 (@nil d))
@nil = {2 * {2 a a}}
@reverse = ({2 @8 {2 @nil a}} a)

