---
source: tests/golden_tests.rs
input_file: tests/golden_tests/compile_file/list_reverse.hvm
---
@8 = {8 a {6 {4 @8 {4 @nil {4 @C {4 @B ({4 {8 a {6 @nil b}} {4 * b}} c)}}}} c}}
@B = (a a)
@C = {8 a {6 {4 @C {4 @B (b c)}} (b {4 {8 a {6 c d}} {4 * d}})}}
@cons = (a (b {4 {8 a {6 b c}} {4 * c}}))
@main = a
& @reverse ~ (b a)
& @cons ~ (#3 (c b))
& @cons ~ (#2 (d c))
& @cons ~ (#1 (@nil d))
@nil = {4 * {4 a a}}
@reverse = ({4 @8 {4 @nil a}} a)

