---
source: tests/golden_tests.rs
input_file: tests/golden_tests/compile_file/top_level_name_slashslash.bend
---
[4m[1m[31mErrors:[0m
In tests/golden_tests/compile_file/top_level_name_slashslash.bend :
Top-level names are not allowed to start with "//".
[0m  4 | def [4m[31m//thisshouldfail[0m():[0m
