---
source: tests/golden_tests.rs
input_file: tests/golden_tests/compile_file_o_all/list_reverse.hvm
---
@concat$C0 = {4 a {4 {4 @concat$C0 {4 (b b) (c d)}} (c {4 {4 a {4 d e}} {4 * e}})}}

@cons = (a (b {4 {4 a {4 b c}} {4 * c}}))

@main = d
  & @reverse ~ (c d)
  & @cons ~ (#3 (b c))
  & @cons ~ (#2 (a b))
  & @cons ~ (#1 (@nil a))

@nil = {4 * {4 a a}}

@reverse = ({4 @reverse$C0 {4 @nil a}} a)

@reverse$C0 = {4 a {4 {4 @reverse$C0 {4 @nil {4 @concat$C0 {4 (b b) ({4 {4 a {4 @nil c}} {4 * c}} d)}}}} d}}
