---
source: tests/golden_tests.rs
input_file: tests/golden_tests/compile_term/op2.hvm
---
l
  & $(k $(#209 l)) ~ #0
  & $(j $(#193 k)) ~ #1
  & $(i $(#177 j)) ~ #2
  & $(h $(#161 i)) ~ #3
  & $(g $(#145 h)) ~ #15
  & $(f $(#129 g)) ~ #14
  & $(e $(#113 f)) ~ #10
  & $(d $(#97 e)) ~ #9
  & $(c $(#81 d)) ~ #7
  & $(b $(#65 c)) ~ #8
  & $(a $(#49 b)) ~ #12
  & $(#17 $(#33 a)) ~ #11
