---
source: tests/golden_tests.rs
input_file: tests/golden_tests/compile_file_o_all/list_merge_sort.hvm
---
@Cons = (a (b {4 {4 a {4 b c}} {4 * c}}))

@Map = ({4 @Map$C0 {4 (* @Nil) a}} a)

@Map$C0 = {4 a {4 {4 @Map$C0 {4 (* @Nil) (b c)}} ({3 (a d) b} {4 {4 d {4 c e}} {4 * e}})}}

@Merge$C0 = (* @Cons)

@Merge$C1 = {4 {5 a {5 b c}} {4 {7 d {4 @Merge$C1 {4 @Merge$C0 (e (f (g h)))}}} ({9 (i (a {2 (j (* j)) {2 (* (k k)) ({4 {4 l {4 m n}} {4 * n}} ({4 {4 c {4 h o}} {4 * o}} p))}})) {9 q e}} ({11 i {11 l f}} ({13 {4 @Merge$C2 {4 (* (r r)) (q ({4 {4 b {4 d s}} {4 * s}} m))}} g} p)))}}

@Merge$C2 = {4 a {4 b (c ({4 @Merge$C1 {4 @Merge$C0 (c (a (b d)))}} d))}}

@MergePair$C0 = (* (a {4 {4 a {4 @Nil b}} {4 * b}}))

@MergePair$C1 = {4 a {4 {4 @MergePair$C2 {4 (* @Nil) (b c)}} ({15 d b} ({4 @Merge$C2 {4 (* (e e)) (d (a f))}} {4 {4 f {4 c g}} {4 * g}}))}}

@MergePair$C2 = {4 a {4 {4 @MergePair$C1 {4 @MergePair$C0 (b (a c))}} (b c)}}

@Nil = {4 * {4 a a}}

@Pure = (a {4 {4 a {4 @Nil b}} {4 * b}})

@Unpack = (a ({4 @Unpack$C1 {4 (* @Nil) (a b)}} b))

@Unpack$C0 = {4 a {4 {4 @MergePair$C2 {4 (* @Nil) (b {4 @Unpack$C0 {4 (* (c c)) (d (e f))}})}} ({17 d {15 g b}} ({4 @Merge$C2 {4 (* (h h)) (g (a e))}} f))}}

@Unpack$C1 = {4 a {4 {4 @Unpack$C0 {4 (* (b b)) (c (a d))}} (c d)}}

@main = (a (b c))
  & @Unpack ~ (a (d c))
  & @Map ~ (b (@Pure d))
