---
source: tests/golden_tests.rs
input_file: tests/golden_tests/compile_file/match_num_unscoped_lambda.hvm
---
Warnings:
In definition 'lambda_in':
  Definition is unused.
In definition 'lambda_out':
  Definition is unused.

@lambda_in = (?<((a a) (b (c b))) (c d)> d)
@lambda_out = (?<(a (b b)) c> (a c))
@main = *
