---
source: tests/golden_tests.rs
input_file: tests/golden_tests/compile_file/redex_order_recursive.hvm
---
@add = ((@add__C0 ((a a) b)) b)

@add__C0 = (a (b d))
  & @add ~ (a (((b c) (* c)) d))

@fold_ = ((@fold___C1 (@fold___C0 a)) a)

@fold___C0 = (((* (a a)) b) (* b))

@fold___C1 = (a (c e))
  & @add ~ (b (d e))
  & @fold_ ~ (a b)
  & @fold_ ~ (c d)

@main = *

@tail_recursive = ((@tail_recursive__C0 ((* 0) a)) a)

@tail_recursive__C0 = (a (b d))
  & @tail_recursive ~ (a (c d))
  & $(b c) ~ [+1]
