---
source: tests/golden_tests.rs
input_file: tests/golden_tests/compile_file_o_all/weekday.hvm
---
@Saturday = {2 * @Saturday$C4}
@Saturday$C0 = {2 a {2 * a}}
@Saturday$C1 = {2 * @Saturday$C0}
@Saturday$C2 = {2 * @Saturday$C1}
@Saturday$C3 = {2 * @Saturday$C2}
@Saturday$C4 = {2 * @Saturday$C3}
@main = a
& (b b) ~ (@Saturday a)
