---
source: tests/golden_tests.rs
input_file: tests/golden_tests/compile_file_o_all/expr.hvm
---
@App = (a (b {4 * {4 * {4 {4 a {4 b c}} {4 * {4 * {4 * {4 * {4 * {4 * c}}}}}}}}}))
@Dup = (a (b (c (d {4 * {4 * {4 * {4 * {4 * {4 * {4 {4 a {4 b {4 c {4 d e}}}} {4 * {4 * e}}}}}}}}}))))
@Let = (a (b (c {4 * {4 * {4 * {4 * {4 * {4 {4 a {4 b {4 c d}}} {4 * {4 * {4 * d}}}}}}}}})))
@Mul = {2 * @Mul$C1}
@Mul$C0 = {2 a {2 * a}}
@Mul$C1 = {2 * @Mul$C0}
@Num = (a {4 * {4 {4 a b} {4 * {4 * {4 * {4 * {4 * {4 * {4 * b}}}}}}}}})
@Op2 = (a (b (c {4 * {4 * {4 * {4 * {4 * {4 * {4 * {4 * {4 {4 a {4 b {4 c d}}} d}}}}}}}}})))
@Sub = {2 * @Sub$C0}
@Sub$C0 = {2 a {2 * {2 * a}}}
@Var = (a {4 {4 a b} {4 * {4 * {4 * {4 * {4 * {4 * {4 * {4 * b}}}}}}}}})
@main = a
& @Let ~ (b (c (d a)))
& @Dup ~ (e (f (g (h d))))
& @App ~ (i (j h))
& @Var ~ (#2 j)
& @Var ~ (#1 i)
& @Var ~ (#0 g)
& @Var ~ (#2 f)
& @Var ~ (#1 e)
& @Op2 ~ (@Mul (k c))
& @Op2 ~ (@Sub (l (m (n k))))
& @Num ~ (#3 n)
& @Num ~ (#1 m)
& @Num ~ (#2 l)
& @Var ~ (#0 b)
