---
source: tests/golden_tests.rs
input_file: tests/golden_tests/compile_file/expr.hvm
---
@App = (a (b {2 * {2 * {2 {10 a {8 b c}} {2 * {2 * {2 * {2 * {2 * {2 * c}}}}}}}}}))
@Dup = (a (b (c (d {2 * {2 * {2 * {2 * {2 * {2 * {2 {24 a {22 b {20 c {18 d e}}}} {2 * {2 * e}}}}}}}}}))))
@F = {32 a {32 * {32 * a}}}
@G = {32 a {32 * a}}
@H = {32 * @G}
@Let = (a (b (c {2 * {2 * {2 * {2 * {2 * {2 {16 a {14 b {12 c d}}} {2 * {2 * {2 * d}}}}}}}}})))
@Mul = {32 * @H}
@Num = (a {2 * {2 {6 a b} {2 * {2 * {2 * {2 * {2 * {2 * {2 * b}}}}}}}}})
@Op2 = (a (b (c {2 * {2 * {2 * {2 * {2 * {2 * {2 * {2 * {2 {30 a {28 b {26 c d}}} d}}}}}}}}})))
@Sub = {32 * @F}
@Var = (a {2 {4 a b} {2 * {2 * {2 * {2 * {2 * {2 * {2 * {2 * b}}}}}}}}})
@main = a
& @Let ~ (b (c (d a)))
& @Dup ~ (e (f (g (h d))))
& @App ~ (i (j h))
& @Var ~ (#2 j)
& @Var ~ (#1 i)
& @Var ~ (#0 g)
& @Var ~ (#2 f)
& @Var ~ (#1 e)
& @Op2 ~ (@Mul (k c))
& @Op2 ~ (@Sub (l (m (n k))))
& @Num ~ (#3 n)
& @Num ~ (#1 m)
& @Num ~ (#2 l)
& @Var ~ (#0 b)

