---
source: tests/golden_tests.rs
input_file: tests/golden_tests/compile_file/just_a_name.bend
---
[4m[1m[31mErrors:[0m
In tests/golden_tests/compile_file/just_a_name.bend :
[1m- expected:[0m Pattern - Constructor or Tuple or Dup or List or String or Char or Number or Unscoped Var or Var
[1m- detected:[0m end of input
[0m 1 | asdf[4m[31m [0m
