---
source: tests/golden_tests.rs
input_file: tests/golden_tests/compile_file/redex_order.hvm
---
@a = (a a)

@b = (a a)

@c = (a a)

@foo = (a d)
  & @a ~ (c d)
  & @b ~ (b c)
  & @c ~ (a b)

@foo2 = a
  & @a ~ (@foo2$C1 a)

@foo2$C0 = a
  & @c ~ (#0 a)

@foo2$C1 = a
  & @b ~ (@foo2$C0 a)

@main = a
  & @foo ~ (@foo2 a)
