---
source: tests/golden_tests.rs
input_file: tests/golden_tests/compile_file_o_all/str.hvm
---
@String.cons = (a (b ((a (b c)) (* c))))

@String.nil = (* (a a))

@main = f
  & @String.cons ~ (#1745 (e f))
  & @String.cons ~ (#1553 (d e))
  & @String.cons ~ (#1681 (c d))
  & @String.cons ~ (#1761 (b c))
  & @String.cons ~ (#513 (a b))
  & @String.cons ~ (#977 (@String.nil a))
