---
source: tests/golden_tests.rs
input_file: tests/golden_tests/compile_term/op2.hvm
---
j
  & $(i $(#177 j)) ~ #16
  & $(h $(#161 i)) ~ #32
  & $(g $(#145 h)) ~ #48
  & $(f $(#129 g)) ~ #64
  & $(e $(#113 f)) ~ #224
  & $(d $(#97 e)) ~ #208
  & $(c $(#81 d)) ~ #128
  & $(b $(#65 c)) ~ #144
  & $(a $(#49 b)) ~ #176
  & $(#17 $(#33 a)) ~ #160
