---
source: tests/golden_tests.rs
input_file: tests/golden_tests/compile_file/ex2.hvm
---
@E = (* @G)
@F = (b b)
@G = (* @F)
@I = (b (* ((b c) (* c))))
@O = (b ((b c) (* (* c))))
@c2 = ({2 (b c) (d b)} (d c))
@dec = ((@decO (@low (@E b))) b)
@decO = (b c)
& @dec ~ (b d)
& @I ~ (d c)
@low = ((@lowO (@lowI (@E b))) b)
@lowI = (b c)
& @I ~ (b d)
& @O ~ (d c)
@lowO = (b c)
& @O ~ (b d)
& @O ~ (d c)
@main = b
& @c2 ~ (@I (@E c))
& @run ~ (c b)
@run = ((@runO (@runI (@E b))) b)
@runI = (b c)
& @I ~ (b d)
& @dec ~ (d e)
& @run ~ (e c)
@runO = (b c)
& @O ~ (b d)
& @dec ~ (d e)
& @run ~ (e c)

