---
source: tests/golden_tests.rs
input_file: tests/golden_tests/compile_file/ex2.hvm
---
@E = (* @F)
@F = (* (a a))
@I = (a (* ((a b) (* b))))
@O = (a ((a b) (* (* b))))
@c2 = ({2 (a b) (c a)} (c b))
@dec = ((@decO (@low (@E a))) a)
@decO = (a b)
& @I ~ (c b)
& @dec ~ (a c)
@low = ((@lowO (@lowI (@E a))) a)
@lowI = (a b)
& @O ~ (c b)
& @I ~ (a c)
@lowO = (a b)
& @O ~ (c b)
& @O ~ (a c)
@main = a
& @run ~ (b a)
& @c2 ~ (@I (@E b))
@run = ((@runO (@runI (@E a))) a)
@runI = (a b)
& @run ~ (c b)
& @dec ~ (d c)
& @I ~ (a d)
@runO = (a b)
& @run ~ (c b)
& @dec ~ (d c)
& @O ~ (a d)

