---
source: tests/golden_tests.rs
input_file: tests/golden_tests/compile_file_o_all/num_pattern_with_var.bend
---
@Foo = ((@Foo__C2 a) a)

@Foo__C0 = ($([+0x0000001] a) a)

@Foo__C1 = (* (?((0 @Foo__C0) a) a))

@Foo__C2 = (?(((* 0) @Foo__C1) a) a)

@bool/true = ((1 a) a)

@main = a
  & @Foo ~ (@bool/true (3 a))
