---
source: tests/golden_tests.rs
input_file: tests/golden_tests/compile_file_o0/redex_order.hvm
---
@SCons = (a (b {2 {6 a {4 b c}} {2 * c}}))
@SNil = {2 * {2 a a}}
@a = (a a)
@b = (a a)
@c = (a a)
@foo = (a b)
& @a ~ (c b)
& @b ~ (d c)
& @c ~ (a d)
@foo2 = a
& @a ~ (b a)
& @b ~ (c b)
& @c ~ (#0 c)
@main = a
& @foo ~ (@foo2 a)

