---
source: tests/golden_tests.rs
input_file: tests/golden_tests/compile_file/expr.hvm
---
@App = (a (b {4 * {4 * {4 {12 a {10 b c}} {4 * {4 * {4 * {4 * {4 * {4 * c}}}}}}}}}))
@Dup = (a (b (c (d {4 * {4 * {4 * {4 * {4 * {4 * {4 {36 a {34 b {32 c {30 d e}}}} {4 * {4 * e}}}}}}}}}))))
@F = {48 a {48 * {48 * a}}}
@G = {48 a {48 * a}}
@H = {48 * @G}
@Let = (a (b (c {4 * {4 * {4 * {4 * {4 * {4 {28 a {26 b {24 c d}}} {4 * {4 * {4 * d}}}}}}}}})))
@Mul = {48 * @H}
@Num = (a {4 * {4 {8 a b} {4 * {4 * {4 * {4 * {4 * {4 * {4 * b}}}}}}}}})
@Op2 = (a (b (c {4 * {4 * {4 * {4 * {4 * {4 * {4 * {4 * {4 {46 a {44 b {42 c d}}} d}}}}}}}}})))
@Sub = {48 * @F}
@Var = (a {4 {6 a b} {4 * {4 * {4 * {4 * {4 * {4 * {4 * {4 * b}}}}}}}}})
@main = a
& @Let ~ (b (c (d a)))
& @Dup ~ (e (f (g (h d))))
& @App ~ (i (j h))
& @Var ~ (#2 j)
& @Var ~ (#1 i)
& @Var ~ (#0 g)
& @Var ~ (#2 f)
& @Var ~ (#1 e)
& @Op2 ~ (@Mul (k c))
& @Op2 ~ (@Sub (l (m (n k))))
& @Num ~ (#3 n)
& @Num ~ (#1 m)
& @Num ~ (#2 l)
& @Var ~ (#0 b)

