---
source: tests/golden_tests.rs
input_file: tests/golden_tests/desugar_file/combinators.bend
---
foo: Any
(foo) = λa λ* λ* (foo a)

bar: Any
(bar) = λa λb (a bar b)

List/ignore: Any
(List/ignore) = λa λ* (a List/ignore__C1)

baz: Any
(baz) = {0 1 2 3 λa a foo}

qux: Any
(qux) = {0 qux}

clax: Any
(clax) = (λa a clax__C0)

tup: Any
(tup) = (tup, 1, 0)

list: Any
(list) = (List/Cons 0 list__C0)

A: Any
(A) = λa (A__C0 a)

B: Any
(B) = λa (B__C0 a)

Main: Any
(Main) = (List/Cons 0 list__C0)

List/Nil: ∀t (List t)
(List/Nil) = λa (a List/Nil/tag)

List/Cons: ∀t (u24 -> ((List t) -> (List t)))
(List/Cons) = λa λb λc (c List/Cons/tag a b)

List/Nil/tag: u24
(List/Nil/tag) = 0

List/Cons/tag: u24
(List/Cons/tag) = 1

A__C0: _
(A__C0) = let {a b} = A; λc (a b c)

B__C0: _
(B__C0) = let (a, b) = B; λc (a b c)

List/ignore__C0: _
(List/ignore__C0) = λ* λ* λa (List/ignore a List/ignore)

List/ignore__C1: _
(List/ignore__C1) = λa switch a { 0: 0; _: List/ignore__C0; }

clax__C0: _
(clax__C0) = λ* λ* λ* λa (clax a)

list__C0: _
(list__C0) = (List/Cons list List/Nil)
