---
source: tests/golden_tests.rs
input_file: tests/golden_tests/desugar_file/combinators.hvm
---
(foo) = λa λ* λ* (foo a)

(bar) = λa λb (a bar b)

(List.ignore) = λa λ* #List (a #List λ* List.ignore$C0 0)

(baz) = {0 1 2 3 λa a foo}

(qux) = {0 qux}

(tup) = (tup, 1, 0)

(list) = (list$C0 list$C2)

(A) = λa let {b c} = A; (b c a)

(Main) = list

(List.cons) = λa λb #List λc #List λ* #List (c a b)

(List.nil) = #List λ* #List λb b

(List.ignore$C0) = #List λd (List.ignore d List.ignore)

(list$C0) = (List.cons 0)

(list$C1) = (List.cons list)

(list$C2) = (list$C1 List.nil)
