---
source: tests/golden_tests.rs
input_file: tests/golden_tests/desugar_file/main_aux.bend
---
(main) = (main__local_0_aux 89 2)

(main__local_0_aux__local_0_aux__local_0_aux) = λa λb (+ b a)

(main__local_0_aux__local_0_aux) = λa λb (main__local_0_aux__local_0_aux__local_0_aux a b)

(main__local_0_aux) = λa λb (main__local_0_aux__local_0_aux a b)
