---
source: tests/golden_tests.rs
input_file: tests/golden_tests/desugar_file/local_def_shadow.bend
---
unchecked main: Any
(main) = 1

unchecked main__local_0_A__local_0_B: _
(main__local_0_A__local_0_B) = 0

unchecked main__local_1_A__local_1_B: _
(main__local_1_A__local_1_B) = 1

unchecked main__local_1_A: _
(main__local_1_A) = main__local_1_A__local_1_B

unchecked main__local_0_A: _
(main__local_0_A) = main__local_0_A__local_0_B
