---
source: tests/golden_tests.rs
input_file: tests/golden_tests/desugar_file/main_aux.bend
---
unchecked main: Any
(main) = (main__local_0_aux 89 2)

unchecked main__local_0_aux__local_0_aux__local_0_aux: _
(main__local_0_aux__local_0_aux__local_0_aux) = λa λb (+ b a)

unchecked main__local_0_aux__local_0_aux: _
(main__local_0_aux__local_0_aux) = λa λb (main__local_0_aux__local_0_aux__local_0_aux a b)

unchecked main__local_0_aux: _
(main__local_0_aux) = λa λb (main__local_0_aux__local_0_aux a b)
