---
source: tests/golden_tests.rs
input_file: tests/golden_tests/desugar_core/bind_syntax.hvm
---
(Result/bind) = λa λb (a Result/bind__C1 Result/bind__C0 b)

(safe_div) = λa λb (switch b { 0: λ* (Result.err (String.cons 68 (String.cons 105 (String.cons 118 (String.cons 32 (String.cons 98 (String.cons 121 (String.cons 32 (String.cons 48 String.nil))))))))); _: safe_div__C0; } a)

(safe_rem) = λa λb (switch b { 0: λ* (Result.err (String.cons 77 (String.cons 111 (String.cons 100 (String.cons 32 (String.cons 98 (String.cons 121 (String.cons 32 (String.cons 48 String.nil))))))))); _: safe_rem__C0; } a)

(Main) = (Result/bind Main__C1 Main__C0)

(String.cons) = λa λb λc λ* (c a b)

(String.nil) = λ* λa a

(Result.ok) = λa λb λ* (b a)

(Result.err) = λa λ* λb (b a)

(Main__C0) = λa (Result/bind (safe_rem a 0) λb b)

(Main__C1) = (safe_div 3 2)

(Result/bind__C0) = λa λ* (Result.err a)

(Result/bind__C1) = λa λb (b a)

(safe_div__C0) = λa λb (Result.ok (/ b (+ a 1)))

(safe_rem__C0) = λa λb (Result.ok (% b (+ a 1)))
