---
source: tests/golden_tests.rs
input_file: tests/golden_tests/desugar_file/bind_syntax.hvm
---
(Result.bind) = λa #Result (a Result.bind$C1 Result.bind$C0)

(Main) = (Result.bind (HVM.store (String.cons 102 (String.cons 105 (String.cons 108 (String.cons 101 (String.cons 46 (String.cons 116 (String.cons 120 (String.cons 116 String.nil)))))))) (String.cons 65 (String.cons 108 (String.cons 105 (String.cons 99 (String.cons 101 String.nil)))))) λ* (Result.bind (HVM.load (String.cons 102 (String.cons 105 (String.cons 108 (String.cons 101 (String.cons 46 (String.cons 116 (String.cons 120 (String.cons 116 String.nil))))))))) λa a))

(String.cons) = λa λb #String λc #String λ* #String (c a b)

(String.nil) = #String λ* #String λa a

(Result.ok) = λa #Result λb #Result λ* #Result (b a)

(Result.err) = λa #Result λ* #Result λb #Result (b a)

(Result.bind$C0) = #Result λa λ* (Result.err a)

(Result.bind$C1) = #Result λa λb (b a)
