---
source: tests/golden_tests.rs
input_file: tests/golden_tests/desugar_file/combinators.bend
---
(foo) = λa λ* λ* (foo a)

(bar) = λa λb (a bar b)

(List/ignore) = λa λ* (a List/ignore__C0 0)

(baz) = {0 1 2 3 λa a foo}

(qux) = {0 qux}

(clax) = (λa a clax__C0)

(tup) = (tup, 1, 0)

(list) = (List/Cons 0 list__C0)

(A) = λa (A__C0 a)

(B) = λa (B__C0 a)

(Main) = list

(List/Cons) = λa λb λc λ* (c a b)

(List/Nil) = λ* λa a

(A__C0) = let {a b} = A; λc (a b c)

(B__C0) = let (a, b) = B; λc (a b c)

(List/ignore__C0) = λ* λa (List/ignore a List/ignore)

(clax__C0) = λ* λ* λ* λa (clax a)

(list__C0) = (List/Cons list List/Nil)
