---
source: tests/golden_tests.rs
input_file: tests/golden_tests/encode_pattern_match/match_adt_unscoped_lambda.bend
---
Scott
unchecked main: Any
(main) = (Maybe_/Some 1 λ$x * λa a $x)

Maybe_/None: Maybe_
(Maybe_/None) = λa λ* a

Maybe_/Some: (Any -> Maybe_)
(Maybe_/Some) = λa λ* λc (c a)

NumScott
unchecked main: Any
(main) = (Maybe_/Some 1 λa switch a { 0: λ$x *; _: λ* λb b; } $x)

Maybe_/None/tag: _
(Maybe_/None/tag) = 0

Maybe_/None: Maybe_
(Maybe_/None) = λa (a Maybe_/None/tag)

Maybe_/Some/tag: _
(Maybe_/Some/tag) = 1

Maybe_/Some: (Any -> Maybe_)
(Maybe_/Some) = λa λb (b Maybe_/Some/tag a)
