---
source: tests/golden_tests.rs
input_file: tests/golden_tests/encode_pattern_match/is_some_some.hvm
---
TaggedScott:
(some_some) = λa #Option (a #Option.Some.x λb (some_some$F0 b) 0)

(main) = (some_some (Some 1))

(some_some$F0) = λa #Option (a #Option.Some.x λb 1 0)

(None) = #Option λSome #Option λNone None

(Some) = λx #Option λSome #Option λNone #Option.Some.x (Some x)

Scott:
(some_some) = λa (a λb (some_some$F0 b) 0)

(main) = (some_some (Some 1))

(some_some$F0) = λa (a λb 1 0)

(None) = λSome λNone None

(Some) = λx λSome λNone (Some x)


