---
source: tests/golden_tests.rs
input_file: tests/golden_tests/encode_pattern_match/match_list_sugar.hvm
---
TaggedScott:
(main) = let %matched = List.nil; (main$match$1 %matched)

(main$match$1) = λa #List (a #List.List.cons.head λb #List.List.cons.tail λc 1 0)

(List.nil) = #List λList.cons #List λList.nil List.nil

(List.cons) = λhead λtail #List λList.cons #List λList.nil #List.List.cons.tail (#List.List.cons.head (List.cons head) tail)

Scott:
(main) = let %matched = List.nil; (main$match$1 %matched)

(main$match$1) = λa (a λb λc 1 0)

(List.nil) = λList.cons λList.nil List.nil

(List.cons) = λhead λtail λList.cons λList.nil (List.cons head tail)


