---
source: tests/golden_tests.rs
input_file: tests/golden_tests/encode_pattern_match/and3.bend
---
Scott
(And) = λa let (b, c, d) = a; (b λe λf (e λg (g Bool/T Bool/F) λ* Bool/F f) λ* λ* Bool/F c d)

(main) = (And (Bool/F, Bool/T, Bool/F))

(Bool/T) = λa λ* a

(Bool/F) = λ* λb b

NumScott
(And) = λa let (b, c, d) = a; (b λe switch e { 0: λf λg (f λh switch h { 0: λi (i λj switch j { 0: Bool/T; _: λ* Bool/F; }); _: λ* λ* Bool/F; } g); _: λ* λ* λ* Bool/F; } c d)

(main) = (And (Bool/F, Bool/T, Bool/F))

(Bool/T) = λa (a 0)

(Bool/F) = λa (a 1)
