---
source: tests/golden_tests.rs
input_file: tests/golden_tests/encode_pattern_match/and3.bend
---
Scott
And: Any
(And) = λa let (b, c, d) = a; (b λe λf (e λg (g Bool/T Bool/F) λ* Bool/F f) λ* λ* Bool/F c d)

main: Any
(main) = (And (Bool/F, Bool/T, Bool/F))

Bool/T: Bool
(Bool/T) = λa λ* a

Bool/F: Bool
(Bool/F) = λ* λb b

NumScott
And: Any
(And) = λa let (b, c, d) = a; (b λe switch e { 0: λf λg (f λh switch h { 0: λi (i λj switch j { 0: Bool/T; _: λ* Bool/F; }); _: λ* λ* Bool/F; } g); _: λ* λ* λ* Bool/F; } c d)

main: Any
(main) = (And (Bool/F, Bool/T, Bool/F))

Bool/T: Bool
(Bool/T) = λa (a Bool/T/tag)

Bool/F: Bool
(Bool/F) = λa (a Bool/F/tag)

Bool/T/tag: u24
(Bool/T/tag) = 0

Bool/F/tag: u24
(Bool/F/tag) = 1
