---
source: tests/golden_tests.rs
input_file: tests/golden_tests/encode_pattern_match/concat.hvm
---
(main) = (String.concat (SCons 97 (SCons 98 SNil)) (SCons 99 (SCons 100 SNil)))

(String.concat) = λa λb (String.concat$match$1 a b)

(SCons) = λhead λtail #String λSCons #String λSNil #String.SCons.tail (#String.SCons.head (SCons head) tail)

(SNil) = #String λSCons #String λSNil SNil

(String.concat$match$1) = λa #String (a #String.SCons.head λb #String.SCons.tail λc λd (SCons b (String.concat c d)) λe e)
