---
source: tests/golden_tests.rs
input_file: tests/golden_tests/encode_pattern_match/match_list_sugar.hvm
---
TaggedScott:
(main) = #List (List.nil #List.List.cons.head λ* #List.List.cons.tail λ* 1 0)

(List.nil) = #List λ* #List λb b

(List.cons) = λa λb #List λc #List λ* #List.List.cons.tail (#List.List.cons.head (c a) b)

Scott:
(main) = (List.nil λ* λ* 1 0)

(List.nil) = λ* λb b

(List.cons) = λa λb λc λ* (c a b)


