---
source: tests/golden_tests.rs
input_file: tests/golden_tests/encode_pattern_match/weekday.bend
---
Scott
unchecked main: Any
(main) = (λa a Weekday/Saturday)

Weekday/Monday: Weekday
(Weekday/Monday) = λa λ* λ* λ* λ* λ* λ* a

Weekday/Tuesday: Weekday
(Weekday/Tuesday) = λ* λb λ* λ* λ* λ* λ* b

Weekday/Wednesday: Weekday
(Weekday/Wednesday) = λ* λ* λc λ* λ* λ* λ* c

Weekday/Thursday: Weekday
(Weekday/Thursday) = λ* λ* λ* λd λ* λ* λ* d

Weekday/Friday: Weekday
(Weekday/Friday) = λ* λ* λ* λ* λe λ* λ* e

Weekday/Saturday: Weekday
(Weekday/Saturday) = λ* λ* λ* λ* λ* λf λ* f

Weekday/Sunday: Weekday
(Weekday/Sunday) = λ* λ* λ* λ* λ* λ* λg g

NumScott
unchecked main: Any
(main) = (λa a Weekday/Saturday)

Weekday/Monday/tag: _
(Weekday/Monday/tag) = 0

Weekday/Monday: Weekday
(Weekday/Monday) = λa (a Weekday/Monday/tag)

Weekday/Tuesday/tag: _
(Weekday/Tuesday/tag) = 1

Weekday/Tuesday: Weekday
(Weekday/Tuesday) = λa (a Weekday/Tuesday/tag)

Weekday/Wednesday/tag: _
(Weekday/Wednesday/tag) = 2

Weekday/Wednesday: Weekday
(Weekday/Wednesday) = λa (a Weekday/Wednesday/tag)

Weekday/Thursday/tag: _
(Weekday/Thursday/tag) = 3

Weekday/Thursday: Weekday
(Weekday/Thursday) = λa (a Weekday/Thursday/tag)

Weekday/Friday/tag: _
(Weekday/Friday/tag) = 4

Weekday/Friday: Weekday
(Weekday/Friday) = λa (a Weekday/Friday/tag)

Weekday/Saturday/tag: _
(Weekday/Saturday/tag) = 5

Weekday/Saturday: Weekday
(Weekday/Saturday) = λa (a Weekday/Saturday/tag)

Weekday/Sunday/tag: _
(Weekday/Sunday/tag) = 6

Weekday/Sunday: Weekday
(Weekday/Sunday) = λa (a Weekday/Sunday/tag)
