---
source: tests/golden_tests.rs
input_file: tests/golden_tests/encode_pattern_match/ntup_sum.hvm
---
(ntupSum) = λx (ntupSum$P x)

(main) = (ntupSum ((1, 3), (3, (2, 1))))

(ntupSum$F0) = λx (ntupSum$F0$P x)

(ntupSum$F0$F0) = λx (ntupSum$F0$F0$P x)

(ntupSum$R0) = λ%0 let (x$0, x$1) = %0; (ntupSum$F0 x$0 x$1)

(ntupSum$P) = λy0 (ntupSum$R0 y0)

(ntupSum$F0$R0) = λ%0 let (x$0, x$1) = %0; λ%0 let (x$2, x$3) = %0; (ntupSum$F0$F0 x$0 x$1 x$2 x$3)

(ntupSum$F0$P$P) = λy0 λx0 (ntupSum$F0$R0 x0 y0)

(ntupSum$F0$P) = λy0 λx (ntupSum$F0$P$P x y0)

(ntupSum$F0$F0$R0) = λa λb λc λ%0 let (d, e) = %0; (+ a (+ b (+ c (+ d e))))

(ntupSum$F0$F0$P$P$P$P) = λy0 λx0 λx1 λx2 (ntupSum$F0$F0$R0 x0 x1 x2 y0)

(ntupSum$F0$F0$P$P$P) = λy0 λx0 λx1 λx (ntupSum$F0$F0$P$P$P$P x x0 x1 y0)

(ntupSum$F0$F0$P$P) = λy0 λx0 λx (ntupSum$F0$F0$P$P$P x x0 y0)

(ntupSum$F0$F0$P) = λy0 λx (ntupSum$F0$F0$P$P x y0)
