---
source: tests/golden_tests.rs
input_file: tests/golden_tests/encode_pattern_match/no_literal_builtin.hvm
---
(main) = *

(Foo) = λa #String (a #String.SCons.head λb #String.SCons.tail λc 1 0)

(SCons) = λhead λtail #String λSCons #String λSNil #String.SCons.tail (#String.SCons.head (SCons head) tail)

(SNil) = #String λSCons #String λSNil SNil
