---
source: tests/golden_tests.rs
input_file: tests/golden_tests/encode_pattern_match/match_adt_unscoped_var.bend
---
Scott
unchecked Foo: Any
(Foo) = λ$x (Maybe/Some 1 λa a $x)

unchecked Bar: Any
(Bar) = (Maybe/Some 1 λa a $x λ$x *)

unchecked main: Any
(main) = *

Maybe/Some: (T -> (Maybe T))
(Maybe/Some) = λa λb λ* (b a)

NumScott
unchecked Foo: Any
(Foo) = λ$x (Maybe/Some 1 λa switch a { 0: λb b; _: λ* $x; })

unchecked Bar: Any
(Bar) = (Maybe/Some 1 λa switch a { 0: λb b; _: λ* $x; } λ$x *)

unchecked main: Any
(main) = *

Maybe/Some/tag: _
(Maybe/Some/tag) = 0

Maybe/Some: (T -> (Maybe T))
(Maybe/Some) = λa λb (b Maybe/Some/tag a)
