---
source: tests/golden_tests.rs
input_file: tests/golden_tests/encode_pattern_match/adt_tup_era.hvm
---
TaggedScott:
(Foo) = λa #Tuple (a #Tuple.Pair.a λb #Tuple.Pair.b λc (#Tuple (b #Tuple.Pair.a λd #Tuple.Pair.b λ* λ* d) c))

(Main) = (Foo (Pair 1 5))

(Pair) = λa λb #Tuple λc #Tuple.Pair.b (#Tuple.Pair.a (c a) b)

Scott:
(Foo) = λa (a λb λc (b λd λ* λ* d c))

(Main) = (Foo (Pair 1 5))

(Pair) = λa λb λc (c a b)
