---
source: tests/golden_tests.rs
input_file: tests/golden_tests/encode_pattern_match/match_bind.hvm
---
TaggedScott:
(cheese) = let num = (+ 2 3); (match num { 0: λnum 653323; +num-1: λnum (+ num num-1) } num)

(main) = cheese

Scott:
(cheese) = let num = (+ 2 3); (match num { 0: λnum 653323; +num-1: λnum (+ num num-1) } num)

(main) = cheese


