---
source: tests/golden_tests.rs
input_file: tests/golden_tests/encode_pattern_match/concat.hvm
---
TaggedScott:
(String.concat) = λa λb (String.concat$match$1 a b)

(main) = (String.concat (String.cons 97 (String.cons 98 String.nil)) (String.cons 99 (String.cons 100 String.nil)))

(String.cons) = λhead λtail #String λString.cons #String λString.nil #String.String.cons.tail (#String.String.cons.head (String.cons head) tail)

(String.nil) = #String λString.cons #String λString.nil String.nil

(String.concat$match$1) = λa #String (a #String.String.cons.head λb #String.String.cons.tail λc λd (String.cons b (String.concat c d)) λe e)

Scott:
(String.concat) = λa λb (String.concat$match$1 a b)

(main) = (String.concat (String.cons 97 (String.cons 98 String.nil)) (String.cons 99 (String.cons 100 String.nil)))

(String.cons) = λhead λtail λString.cons λString.nil (String.cons head tail)

(String.nil) = λString.cons λString.nil String.nil

(String.concat$match$1) = λa (a λb λc λd (String.cons b (String.concat c d)) λe e)


