---
source: tests/golden_tests.rs
input_file: tests/golden_tests/encode_pattern_match/ntup_sum.hvm
---
TaggedScott:
(ntupSum) = λa let (b, c) = a; (let (d, e) = b; λf (let (g, h) = f; λi λj (let (k, l) = h; λm λn λo (+ m (+ n (+ o (+ k l)))) i j g) d e) c)

(main) = (ntupSum ((1, 3), (3, (2, 1))))

Scott:
(ntupSum) = λa let (b, c) = a; (let (d, e) = b; λf (let (g, h) = f; λi λj (let (k, l) = h; λm λn λo (+ m (+ n (+ o (+ k l)))) i j g) d e) c)

(main) = (ntupSum ((1, 3), (3, (2, 1))))
