---
source: tests/golden_tests.rs
input_file: tests/golden_tests/encode_pattern_match/adt_tup_era.hvm
---
TaggedScott:
(Foo) = λa #Tuple (a #Tuple λb #Tuple λ* #Tuple (b #Tuple λd #Tuple λ* d))

(Main) = (Foo (Pair 1 5))

(Pair) = λa λb #Tuple λc #Tuple (c a b)

Scott:
(Foo) = λa (a λb λ* (b λd λ* d))

(Main) = (Foo (Pair 1 5))

(Pair) = λa λb λc (c a b)
