---
source: tests/golden_tests.rs
input_file: tests/golden_tests/encode_pattern_match/bool.bend
---
(not) = λa (a bool/false bool/true)

(and) = λa (a λb (b bool/true bool/false) λc (c bool/false bool/false))

(and2) = λa (a λb b λ* bool/false)

(and3) = λa (a λb (b bool/true bool/false) λ* bool/false)

(and4) = λa (a λb (b bool/true bool/false) λ* bool/false)

(bool/true) = λa λ* a

(bool/false) = λ* λb b
