---
source: tests/golden_tests.rs
input_file: tests/golden_tests/encode_pattern_match/pattern_match_encoding.hvm
---
TaggedScott:
(Foo) = λa #MyType (a #MyType.A.a λb 100 #MyType.B.b λc 200 #MyType.C.c λd 200 #MyType.D.d1 λe #MyType.D.d2 λf 200 #MyType.E.e1 λg #MyType.E.e2 λh 200)

(main) = (Foo A 2)

(E) = λe1 λe2 #MyType λA #MyType λB #MyType λC #MyType λD #MyType λE #MyType.E.e2 (#MyType.E.e1 (E e1) e2)

(D) = λd1 λd2 #MyType λA #MyType λB #MyType λC #MyType λD #MyType λE #MyType.D.d2 (#MyType.D.d1 (D d1) d2)

(C) = λc #MyType λA #MyType λB #MyType λC #MyType λD #MyType λE #MyType.C.c (C c)

(B) = λb #MyType λA #MyType λB #MyType λC #MyType λD #MyType λE #MyType.B.b (B b)

(A) = λa #MyType λA #MyType λB #MyType λC #MyType λD #MyType λE #MyType.A.a (A a)

Scott:
(Foo) = λa (a λb 100 λc 200 λd 200 λe λf 200 λg λh 200)

(main) = (Foo A 2)

(E) = λe1 λe2 λA λB λC λD λE (E e1 e2)

(D) = λd1 λd2 λA λB λC λD λE (D d1 d2)

(C) = λc λA λB λC λD λE (C c)

(B) = λb λA λB λC λD λE (B b)

(A) = λa λA λB λC λD λE (A a)


