---
source: tests/golden_tests.rs
input_file: tests/golden_tests/encode_pattern_match/weekday.bend
---
(main) = (λa a Weekday/Saturday)

(Weekday/Monday) = λa λ* λ* λ* λ* λ* λ* a

(Weekday/Tuesday) = λ* λb λ* λ* λ* λ* λ* b

(Weekday/Wednesday) = λ* λ* λc λ* λ* λ* λ* c

(Weekday/Thursday) = λ* λ* λ* λd λ* λ* λ* d

(Weekday/Friday) = λ* λ* λ* λ* λe λ* λ* e

(Weekday/Saturday) = λ* λ* λ* λ* λ* λf λ* f

(Weekday/Sunday) = λ* λ* λ* λ* λ* λ* λg g
