---
source: tests/golden_tests.rs
input_file: tests/golden_tests/encode_pattern_match/list_str_encoding_undeclared_fn.hvm
---
TaggedScott:
(main) = *

(Foo) = λa #String (a #String.String.cons.head λb #String.String.cons.tail λc 1 0)

(Bar) = λa #List (a #List.List.cons.head λb #List.List.cons.tail λc 0 1)

(String.cons) = λhead λtail #String λString.cons #String λString.nil #String.String.cons.tail (#String.String.cons.head (String.cons head) tail)

(String.nil) = #String λString.cons #String λString.nil String.nil

(List.cons) = λhead λtail #List λList.cons #List λList.nil #List.List.cons.tail (#List.List.cons.head (List.cons head) tail)

(List.nil) = #List λList.cons #List λList.nil List.nil

Scott:
(main) = *

(Foo) = λa (a λb λc 1 0)

(Bar) = λa (a λb λc 0 1)


