---
source: tests/golden_tests.rs
input_file: tests/golden_tests/encode_pattern_match/list_str_encoding_undeclared.hvm
---
(main) = λa λb let a = (main$match$1 a); let b = (main$match$2 b); (a, b)

(LCons) = λhead λtail #List λLCons #List λLNil #List.LCons.tail (#List.LCons.head (LCons head) tail)

(LNil) = #List λLCons #List λLNil LNil

(SCons) = λhead λtail #String λSCons #String λSNil #String.SCons.tail (#String.SCons.head (SCons head) tail)

(SNil) = #String λSCons #String λSNil SNil

(main$match$1) = λx #String (x main$match$1$PSCons main$match$1$PSNil)

(main$match$2) = λx #List (x main$match$2$PLCons main$match$2$PLNil)

(main$match$1$R0) = λa.head λa.tail 1

(main$match$1$R1) = 2

(main$match$1$PSCons) = #String.SCons.head λy0 #String.SCons.tail λy1 (main$match$1$R0 * *)

(main$match$1$PSNil) = main$match$1$R1

(main$match$2$R0) = λh λt 1

(main$match$2$R1) = 2

(main$match$2$PLCons) = #List.LCons.head λy0 #List.LCons.tail λy1 (main$match$2$R0 * *)

(main$match$2$PLNil) = main$match$2$R1
