---
source: tests/golden_tests.rs
input_file: tests/golden_tests/encode_pattern_match/match_bind.bend
---
Scott
unchecked cheese: Any
(cheese) = switch (+ 2 3) { 0: 653323; _: λa let {a a_2} = a; (+ (+ a 1) a_2); }

unchecked main: Any
(main) = cheese

NumScott
unchecked cheese: Any
(cheese) = switch (+ 2 3) { 0: 653323; _: λa let {a a_2} = a; (+ (+ a 1) a_2); }

unchecked main: Any
(main) = cheese
