---
source: tests/golden_tests.rs
input_file: tests/golden_tests/encode_pattern_match/common.hvm
---
(True) = #Bool λTrue #Bool λFalse True

(False) = #Bool λTrue #Bool λFalse False

(Filled) = λvalue #Box λFilled #Box λEmpty #Box.Filled.value (Filled value)

(Empty) = #Box λFilled #Box λEmpty Empty

(North) = #Direction λNorth #Direction λSouth #Direction λEast #Direction λWest North

(South) = #Direction λNorth #Direction λSouth #Direction λEast #Direction λWest South

(East) = #Direction λNorth #Direction λSouth #Direction λEast #Direction λWest East

(West) = #Direction λNorth #Direction λSouth #Direction λEast #Direction λWest West

(Red) = #Light λRed #Light λYellow #Light λGreen Red

(Yellow) = #Light λRed #Light λYellow #Light λGreen Yellow

(Green) = #Light λRed #Light λYellow #Light λGreen Green

(Cons) = λx λxs #List λCons #List λNil #List.Cons.xs (#List.Cons.x (Cons x) xs)

(Nil) = #List λCons #List λNil Nil

(Some) = λx #Option λSome #Option λNone #Option.Some.x (Some x)

(None) = #Option λSome #Option λNone None

(Ok) = λa #Result λOk #Result λErr #Result.Ok.a (Ok a)

(Err) = λb #Result λOk #Result λErr #Result.Err.b (Err b)

(SCons) = λhead λtail #String λSCons #String λSNil #String.SCons.tail (#String.SCons.head (SCons head) tail)

(SNil) = #String λSCons #String λSNil SNil
