---
source: tests/golden_tests.rs
input_file: tests/golden_tests/encode_pattern_match/var_only.bend
---
Scott
unchecked Foo: Any
(Foo) = λa λ* λc (c a)

unchecked main: Any
(main) = λ* Foo

Bool/False: Bool
(Bool/False) = λa λ* a

Bool/True: Bool
(Bool/True) = λ* λb b

NumScott
unchecked Foo: Any
(Foo) = λa λ* λc (c a)

unchecked main: Any
(main) = λ* Foo

Bool/False: Bool
(Bool/False) = λa (a Bool/False/tag)

Bool/True: Bool
(Bool/True) = λa (a Bool/True/tag)

Bool/False/tag: u24
(Bool/False/tag) = 0

Bool/True/tag: u24
(Bool/True/tag) = 1
