---
source: tests/golden_tests.rs
input_file: tests/golden_tests/encode_pattern_match/flatten_era_pat.hvm
---
(Fn1) = λx (Fn1$P x)

(Fn2) = λx (Fn2$P x)

(Fn3) = λx (Fn3$P x)

(main) = (Fn2 ((1, 2), (3, (4, (5, 6)))) 0)

(Fn1$F0) = λx (Fn1$F0$P x)

(Fn2$F0) = λx (Fn2$F0$P x)

(Fn2$F0$F0) = λx (Fn2$F0$F0$P x)

(Fn3$F0) = λx match x { 0: Fn3$F0$P0; +: Fn3$F0$P+ }

(Fn1$R0) = λ%0 let (x$0, x$1) = %0; λ* (Fn1$F0 x$0 x$1)

(Fn1$P) = λy0 (Fn1$R0 y0)

(Fn2$R0) = λ%0 let (x$0, x$1) = %0; (Fn2$F0 x$0 x$1)

(Fn2$P) = λy0 (Fn2$R0 y0)

(Fn3$R0) = λ%0 let (x$0, x$1) = %0; λ* (Fn3$F0 x$0 x$1)

(Fn3$P) = λy0 (Fn3$R0 y0)

(Fn1$F0$R0) = λ* λ%0 let (a, *) = %0; a

(Fn1$F0$P$P) = λy0 λx0 (Fn1$F0$R0 * y0)

(Fn1$F0$P) = λy0 λx (Fn1$F0$P$P x y0)

(Fn2$F0$R0) = λ* λ%0 let (x$0, x$1) = %0; (Fn2$F0$F0 x$0 x$1)

(Fn2$F0$P$P) = λy0 λx0 (Fn2$F0$R0 * y0)

(Fn2$F0$P) = λy0 λx (Fn2$F0$P$P x y0)

(Fn2$F0$F0$R0) = λ* λ%0 let (a, *) = %0; a

(Fn2$F0$F0$P$P) = λy0 λx0 (Fn2$F0$F0$R0 * y0)

(Fn2$F0$F0$P) = λy0 λx (Fn2$F0$F0$P$P x y0)

(Fn3$F0$R0) = λ* 0

(Fn3$F0$R1) = λa λ* a

(Fn3$F0$P0) = Fn3$F0$R0

(Fn3$F0$P+) = λy0 (Fn3$F0$R1 y0)
