---
source: tests/golden_tests.rs
input_file: tests/golden_tests/encode_pattern_match/match_num_adt_tup_parser.hvm
---
(Parse) = λa λb (b λc λd λe (switch (- c 10) { 0: λf λg (Ok (0, g, f)); _: λh λi λj (switch (- h 29) { 0: λk λl (Ok (40, l, k)); _: λm λn λo (switch m { 0: λp λq (Ok (41, q, p)); _: λr λs λt (Err ((String.cons (+ r 42) t), s)); } n o); } i j); } e d) λu (Err (String.nil, u)) a)

(main) = (Parse * (String.cons 40 (String.cons 43 String.nil)) λc let (d, e, f) = c; (d, (Parse f e)) λg (Err g))

(String.cons) = λa λb λc λ* (c a b)

(String.nil) = λ* λb b

(Ok) = λa λb λ* (b a)

(Err) = λa λ* λc (c a)
