---
source: tests/golden_tests.rs
input_file: tests/golden_tests/encode_pattern_match/concat.bend
---
(String/concat) = λ* λb b

(main) = (String/concat (String/Cons 97 (String/Cons 98 String/Nil)) (String/Cons 99 (String/Cons 100 String/Nil)))

(String/Cons) = λa λb λc λ* (c a b)

(String/Nil) = λ* λb b
