---
source: tests/golden_tests.rs
input_file: tests/golden_tests/encode_pattern_match/list_str_encoding_undeclared_map.hvm
---
TaggedScott:
(main) = λa λb let a = (main$match$1 a); let b = (main$match$2 b); (a, b)

(String.cons) = λhead λtail #String λString.cons #String λString.nil #String.String.cons.tail (#String.String.cons.head (String.cons head) tail)

(String.nil) = #String λString.cons #String λString.nil String.nil

(List.cons) = λhead λtail #List λList.cons #List λList.nil #List.List.cons.tail (#List.List.cons.head (List.cons head) tail)

(List.nil) = #List λList.cons #List λList.nil List.nil

(main$match$1) = λa #String (a #String.String.cons.head λb #String.String.cons.tail λc 1 2)

(main$match$2) = λa #List (a #List.List.cons.head λb #List.List.cons.tail λc 1 2)

Scott:
(main) = λa λb let a = (main$match$2_$_main$match$1 a); let b = (main$match$2_$_main$match$1 b); (a, b)

(main$match$2_$_main$match$1) = λa (a λb λc 1 2)


