---
source: tests/golden_tests.rs
input_file: tests/golden_tests/encode_pattern_match/nested_let_tup.hvm
---
TaggedScott:
(main) = let (k, l) = let (b, c) = (10, ((1, ((2, 3), 4)), 3)); (let (d, *) = c; λ* d b); (let (m, *) = l; λ* let (s, *) = m; s k)

Scott:
(main) = let (k, l) = let (b, c) = (10, ((1, ((2, 3), 4)), 3)); (let (d, *) = c; λ* d b); (let (m, *) = l; λ* let (s, *) = m; s k)


