---
source: tests/golden_tests.rs
input_file: tests/golden_tests/encode_pattern_match/expr.hvm
---
TaggedScott:
(Div) = #Op λ* #Op λ* #Op λ* #Op λd d

(Mul) = #Op λ* #Op λ* #Op λc #Op λ* c

(Sub) = #Op λ* #Op λb #Op λ* #Op λ* b

(Add) = #Op λa #Op λ* #Op λ* #Op λ* a

(Op2) = λa λb λc #Expr λ* #Expr λ* #Expr λ* #Expr λ* #Expr λ* #Expr λ* #Expr λ* #Expr λ* #Expr λl #Expr (l a b c)

(Tup) = λa λb #Expr λ* #Expr λ* #Expr λ* #Expr λ* #Expr λ* #Expr λ* #Expr λ* #Expr λj #Expr λ* #Expr (j a b)

(Var) = λa #Expr λb #Expr λ* #Expr λ* #Expr λ* #Expr λ* #Expr λ* #Expr λ* #Expr λ* #Expr λ* #Expr (b a)

(Num) = λa #Expr λ* #Expr λc #Expr λ* #Expr λ* #Expr λ* #Expr λ* #Expr λ* #Expr λ* #Expr λ* #Expr (c a)

(App) = λa λb #Expr λ* #Expr λ* #Expr λe #Expr λ* #Expr λ* #Expr λ* #Expr λ* #Expr λ* #Expr λ* #Expr (e a b)

(Fun) = λa λb #Expr λ* #Expr λ* #Expr λ* #Expr λf #Expr λ* #Expr λ* #Expr λ* #Expr λ* #Expr λ* #Expr (f a b)

(If) = λa λb λc #Expr λ* #Expr λ* #Expr λ* #Expr λ* #Expr λh #Expr λ* #Expr λ* #Expr λ* #Expr λ* #Expr (h a b c)

(Let) = λa λb λc #Expr λ* #Expr λ* #Expr λ* #Expr λ* #Expr λ* #Expr λi #Expr λ* #Expr λ* #Expr λ* #Expr (i a b c)

(Dup) = λa λb λc λd #Expr λ* #Expr λ* #Expr λ* #Expr λ* #Expr λ* #Expr λ* #Expr λk #Expr λ* #Expr λ* #Expr (k a b c d)

Scott:
(Div) = λ* λ* λ* λd d

(Mul) = λ* λ* λc λ* c

(Sub) = λ* λb λ* λ* b

(Add) = λa λ* λ* λ* a

(Op2) = λa λb λc λ* λ* λ* λ* λ* λ* λ* λ* λl (l a b c)

(Tup) = λa λb λ* λ* λ* λ* λ* λ* λ* λj λ* (j a b)

(Var) = λa λb λ* λ* λ* λ* λ* λ* λ* λ* (b a)

(Num) = λa λ* λc λ* λ* λ* λ* λ* λ* λ* (c a)

(App) = λa λb λ* λ* λe λ* λ* λ* λ* λ* λ* (e a b)

(Fun) = λa λb λ* λ* λ* λf λ* λ* λ* λ* λ* (f a b)

(If) = λa λb λc λ* λ* λ* λ* λh λ* λ* λ* λ* (h a b c)

(Let) = λa λb λc λ* λ* λ* λ* λ* λi λ* λ* λ* (i a b c)

(Dup) = λa λb λc λd λ* λ* λ* λ* λ* λ* λk λ* λ* (k a b c d)
