---
source: tests/golden_tests.rs
input_file: tests/golden_tests/encode_pattern_match/pattern_match_encoding.hvm
---
TaggedScott:
(Foo) = λa #MyType (a #MyType.A.a λ* 100 #MyType.B.b λ* 200 #MyType.C.c λ* 200 #MyType.D.d1 λ* #MyType.D.d2 λ* 200 #MyType.E.e1 λ* #MyType.E.e2 λ* 200)

(main) = (Foo A 2)

(E) = λa λb #MyType λ* #MyType λ* #MyType λ* #MyType λ* #MyType λg #MyType.E.e2 (#MyType.E.e1 (g a) b)

(D) = λa λb #MyType λ* #MyType λ* #MyType λ* #MyType λf #MyType λ* #MyType.D.d2 (#MyType.D.d1 (f a) b)

(C) = λa #MyType λ* #MyType λ* #MyType λd #MyType λ* #MyType λ* #MyType.C.c (d a)

(B) = λa #MyType λ* #MyType λc #MyType λ* #MyType λ* #MyType λ* #MyType.B.b (c a)

(A) = λa #MyType λb #MyType λ* #MyType λ* #MyType λ* #MyType λ* #MyType.A.a (b a)

Scott:
(Foo) = λa (a λ* 100 λ* 200 λ* 200 λ* λ* 200 λ* λ* 200)

(main) = (Foo A 2)

(E) = λa λb λ* λ* λ* λ* λg (g a b)

(D) = λa λb λ* λ* λ* λf λ* (f a b)

(C) = λa λ* λ* λd λ* λ* (d a)

(B) = λa λ* λc λ* λ* λ* (c a)

(A) = λa λb λ* λ* λ* λ* (b a)


