---
source: tests/golden_tests.rs
input_file: tests/golden_tests/encode_pattern_match/bool_tup.hvm
---
TaggedScott:
(foo) = λa let (b, c) = a; (foo$F0 b c)

(main) = (foo (F, T))

(foo$F0) = λa #Bool (a λb b λ* F)

(F) = #Bool λT #Bool λF F

(T) = #Bool λT #Bool λF T

Scott:
(foo) = λa let (b, c) = a; (foo$F0 b c)

(main) = (foo (F, T))

(foo$F0) = λa (a λb b λ* F)

(F) = λT λF F

(T) = λT λF T


