---
source: tests/golden_tests.rs
input_file: tests/golden_tests/encode_pattern_match/bool.hvm
---
(not) = λa #bool (a false true)

(and) = λa #bool (a λb #bool (b true false) λc #bool (c false false))

(and2) = λa #bool (a λb b λc false)

(and3_$_and4) = λa #bool (a λb #bool (b true false) λc false)

(false) = #bool λtrue #bool λfalse false

(true) = #bool λtrue #bool λfalse true
