---
source: tests/golden_tests.rs
input_file: tests/golden_tests/encode_pattern_match/non_matching_fst_arg.hvm
---
(Foo) = λx (Foo$P x)

(true) = #bool λtrue #bool λfalse true

(false) = #bool λtrue #bool λfalse false

(Foo$R0) = λx x

(Foo$R1) = λx (Foo x x)

(Foo$P$Ptrue) = λx0 (Foo$R1 x0)

(Foo$P$Pfalse) = λx0 (Foo$R0 x0)

(Foo$P) = λy0 λx (#bool (x Foo$P$Ptrue Foo$P$Pfalse) y0)
