---
source: tests/golden_tests.rs
input_file: tests/golden_tests/encode_pattern_match/match_many_args.hvm
---
TaggedScott:
(tail_tail) = λa #L (a #L λ* #L λc #L (c #L λ* #L λe e N) N)

(or) = λa λb (#Option (b #Option λc λ* c λe e) a)

(or2) = λa λb (#Option (a #Option λc λ* c λe e) b)

(map) = λa λb (#Option (b #Option λc λd (d c) λ* None) a)

(map2) = λa λb (#Option (b #Option λc λd (d c) λ* None) a)

(flatten) = λa #Option (a #Option λb #Option (b #Option λc (Some c) None) None)

(map_pair) = λa λb λc (#L (b #L λd #L λe λf λg (#L (g #L λh #L λi λj λk λl (C (j k h) (map_pair l i)) λ* λ* λ* N) f d e) λ* λ* N) a c)

(main) = *

(None) = #Option λ* #Option λb b

(Some) = λa #Option λb #Option λ* #Option (b a)

(N) = #L λ* #L λb b

(C) = λa λb #L λc #L λ* #L (c a b)

Scott:
(tail_tail) = λa (a λ* λc (c λ* λe e N) N)

(or) = λa λb (b λc λ* c λe e a)

(or2) = λa λb (a λc λ* c λe e b)

(map) = λa λb (b λc λd (d c) λ* None a)

(map2) = λa λb (b λc λd (d c) λ* None a)

(flatten) = λa (a λb (b λc (Some c) None) None)

(map_pair) = λa λb λc (b λd λe λf λg (g λh λi λj λk λl (C (j k h) (map_pair l i)) λ* λ* λ* N f d e) λ* λ* N a c)

(main) = *

(None) = λ* λb b

(Some) = λa λb λ* (b a)

(N) = λ* λb b

(C) = λa λb λc λ* (c a b)
