---
source: tests/golden_tests.rs
input_file: tests/golden_tests/encode_pattern_match/var_only.hvm
---
TaggedScott:
(Foo) = λa λ* λe (e a)

(main) = λ* Foo

(True) = #Bool λ* #Bool λb b

(False) = #Bool λa #Bool λ* a

Scott:
(Foo) = λa λ* λe (e a)

(main) = λ* Foo

(True) = λ* λb b

(False) = λa λ* a


