---
source: tests/golden_tests.rs
input_file: tests/golden_tests/encode_pattern_match/non_matching_fst_arg.bend
---
Scott
unchecked Foo: Any
(Foo) = λa λb (b λc let {c c_2} = c; (Foo c c_2) λd d a)

bool/true: bool
(bool/true) = λa λ* a

bool/false: bool
(bool/false) = λ* λb b

NumScott
unchecked Foo: Any
(Foo) = λa λb (b λc switch c { 0: λd let {d d_2} = d; (Foo d d_2); _: λ* λe e; } a)

bool/true/tag: _
(bool/true/tag) = 0

bool/true: bool
(bool/true) = λa (a bool/true/tag)

bool/false/tag: _
(bool/false/tag) = 1

bool/false: bool
(bool/false) = λa (a bool/false/tag)
