---
source: tests/golden_tests.rs
input_file: tests/golden_tests/encode_pattern_match/match_adt_unscoped_var.hvm
---
TaggedScott:
(Foo) = λ$x #Maybe ((Some 1) $x #Maybe.Some.val λc c)

(Bar) = (#Maybe ((Some 1) $x #Maybe.Some.val λc c) λ$x *)

(main) = *

(Some) = λa #Maybe λ* #Maybe λc #Maybe.Some.val (c a)

(None) = #Maybe λa #Maybe λ* a

Scott:
(Foo) = λ$x (Some 1 $x λc c)

(Bar) = (Some 1 $x λc c λ$x *)

(main) = *

(Some) = λa λ* λc (c a)

(None) = λa λ* a


