---
source: tests/golden_tests.rs
input_file: tests/golden_tests/encode_pattern_match/list_merge_sort.bend
---
(If) = λa (a λb λ* b λ* λe e)

(Pure) = λa (List_/Cons a List_/Nil)

(Map) = λa (a λb λc λd let {d d_2} = d; (List_/Cons (d b) (Map c d_2)) λ* List_/Nil)

(MergeSort) = λa λb (Unpack a (Map b Pure))

(Unpack) = λa λb (b λc λd λe (d λf λg λh let {h h_2} = h; λi (Unpack h (MergePair h_2 (List_/Cons i (List_/Cons f g)))) λ* λk k e c) λ* List_/Nil a)

(MergePair) = λa λb (b λc λd λe (d λf λg λh let {h h_2} = h; λi (List_/Cons (Merge h i f) (MergePair h_2 g)) λ* λk (List_/Cons k List_/Nil) e c) λ* List_/Nil a)

(Merge) = λa λb (b λc λd λe λf (f λg let {g g_2 g_3} = g; λh let {h h_2} = h; λi let {i i_2 i_3} = i; λj let {j j_2 j_3} = j; λk let {k k_2} = k; (If (i j g) (List_/Cons j_2 (Merge i_2 k (List_/Cons g_2 h))) (List_/Cons g_3 (Merge i_3 (List_/Cons j_3 k_2) h_2))) λ* λo λp (List_/Cons o p) e c d) λ* λr r a)

(Bool/True) = λa λ* a

(Bool/False) = λ* λb b

(List_/Cons) = λa λb λc λ* (c a b)

(List_/Nil) = λ* λb b
