---
source: tests/golden_tests.rs
input_file: tests/golden_tests/encode_pattern_match/match_syntax.hvm
---
TaggedScott:
(head) = λx (head$match$1 x)

(head$match$1) = λa #List_ (a #List_.Cons.x λb #List_.Cons.xs λc b Nil)

(Nil) = #List_ λCons #List_ λNil Nil

(Cons) = λx λxs #List_ λCons #List_ λNil #List_.Cons.xs (#List_.Cons.x (Cons x) xs)

Scott:
(head) = λx (head$match$1 x)

(head$match$1) = λa (a λb λc b Nil)

(Nil) = λCons λNil Nil

(Cons) = λx λxs λCons λNil (Cons x xs)


