---
source: tests/golden_tests.rs
input_file: examples/gen_tree.bend
---
λa λ* (a 1 λb λ* (b 3 λc λ* (c 7 λd λ* (d 15 Tree.leaf Tree.leaf) λe λ* (e 16 Tree.leaf Tree.leaf)) λf λ* (f 8 λg λ* (g 17 Tree.leaf Tree.leaf) λh λ* (h 18 Tree.leaf Tree.leaf))) λi λ* (i 4 λj λ* (j 9 λk λ* (k 19 Tree.leaf Tree.leaf) λl λ* (l 20 Tree.leaf Tree.leaf)) λm λ* (m 10 λn λ* (n 21 Tree.leaf Tree.leaf) λo λ* (o 22 Tree.leaf Tree.leaf))))
