---
source: tests/golden_tests.rs
input_file: tests/golden_tests/flatten_rules/double_unwrap_maybe.hvm
---
(DoubleUnwrap (Some %x0) %x1) = (DoubleUnwrap$F0 %x0 %x1)
(DoubleUnwrap * x) = x

(Main) = (DoubleUnwrap (Some None) 5)

(DoubleUnwrap$F0 (Some x) *) = x
(DoubleUnwrap$F0 * x) = x

(None) = #Maybe λSome #Maybe λNone None

(Some) = λx #Maybe λSome #Maybe λNone #Maybe.Some.x (Some x)
