---
source: tests/golden_tests.rs
input_file: tests/golden_tests/flatten_rules/nested_ctrs.hvm
---
(Rule (CtrA a .x0)) = ((Rule$0$ a) .x0)
(Rule (CtrB b)) = b
(Rule x) = x

(Rule$0$ a (CtrB1 b)) = (a b)
(Rule$0$ a (CtrB2 .x0 b)) = (((Rule$0$$0$ a) .x0) b)
(Rule$0$ a b) = (a b)

(Rule$0$$0$ a (CtrC) b) = (a b)
