---
source: tests/golden_tests.rs
input_file: tests/golden_tests/flatten_rules/nested2.hvm
---
(Foo a (LCons %x0 %x1)) = (Foo$F0 a %x0 %x1)
(Foo a b) = (a b)

(LCons) = λhead λtail #List λLCons #List λLNil #List.LCons.tail (#List.LCons.head (LCons head) tail)

(LNil) = #List λLCons #List λLNil LNil

(Foo$F0 a b (LCons c d)) = (a b c d)
(Foo$F0 a %x0 %x1) = (a (LCons %x0 %x1))
