---
source: tests/golden_tests.rs
input_file: tests/golden_tests/flatten_rules/nested2.hvm
---
(Foo %x0 (List.cons %x1 %x2)) = (Foo$F0 %x0 %x1 %x2)
(Foo a b) = (a b)

(Foo$F0 a b (List.cons c d)) = (a b c d)
(Foo$F0 a %x0 %x1) = (a (List.cons %x0 %x1))

(List.nil) = #List λList.cons #List λList.nil List.nil

(List.cons) = λhead λtail #List λList.cons #List λList.nil #List.List.cons.tail (#List.List.cons.head (List.cons head) tail)
