---
source: tests/golden_tests.rs
input_file: tests/golden_tests/flatten_rules/already_flat.hvm
---
(Rule1) = λx x

(Rule2 a) = λx x

(Rule3 a b c d) = (((a b) c) d)

(Rule4 (CtrA)) = λx x
(Rule4 (CtrB x)) = x
(Rule4 x) = x

(Rule5 (CtrA1 a) b) = (a b)
(Rule5 (CtrA2 a1 a2) b) = ((a1 a2) b)
(Rule5 a (CtrB0)) = a
(Rule5 a (CtrB1 b)) = (a b)
(Rule5 (CtrA3 a) (CtrB3 b)) = (a b)
(Rule5 a b) = (a b)

(Rule6 a) = a
(Rule6 b) = b
