---
source: tests/golden_tests.rs
input_file: tests/golden_tests/flatten_rules/already_flat.hvm
---
(Rule1) = λx x

(Rule2 a) = λx x

(Rule3 a b c d) = (a b c d)

(Rule4 (CtrA)) = λx x
(Rule4 (CtrB x)) = x
(Rule4 x) = x

(Rule5 (CtrA1 a) b) = (a b)
(Rule5 (CtrA2 a1 a2) b) = (a1 a2 b)
(Rule5 a (CtrB0)) = a
(Rule5 a (CtrB1 b)) = (a b)
(Rule5 (CtrA3 a) (CtrB3 b)) = (a b)
(Rule5 a b) = (a b)

(Rule6 a) = a
(Rule6 b) = b

(CtrB3) = λb #Baz λCtrB0 #Baz λCtrB1 #Baz λCtrB2 #Baz λCtrB3 #Baz.CtrB3.b (CtrB3 b)

(CtrB2) = λb #Baz λCtrB0 #Baz λCtrB1 #Baz λCtrB2 #Baz λCtrB3 #Baz.CtrB2.b (CtrB2 b)

(CtrB1) = λb #Baz λCtrB0 #Baz λCtrB1 #Baz λCtrB2 #Baz λCtrB3 #Baz.CtrB1.b (CtrB1 b)

(CtrB0) = #Baz λCtrB0 #Baz λCtrB1 #Baz λCtrB2 #Baz λCtrB3 CtrB0

(CtrA) = #Foo λCtrA #Foo λCtrB CtrA

(CtrB) = λx #Foo λCtrA #Foo λCtrB #Foo.CtrB.x (CtrB x)

(CtrA1) = λa #Bar λCtrA1 #Bar λCtrA2 #Bar λCtrA3 #Bar.CtrA1.a (CtrA1 a)

(CtrA2) = λa1 λa2 #Bar λCtrA1 #Bar λCtrA2 #Bar λCtrA3 #Bar.CtrA2.a2 (#Bar.CtrA2.a1 (CtrA2 a1) a2)

(CtrA3) = λa #Bar λCtrA1 #Bar λCtrA2 #Bar λCtrA3 #Bar.CtrA3.a (CtrA3 a)
