---
source: tests/golden_tests.rs
input_file: tests/golden_tests/flatten_rules/double_unwrap_box.hvm
---
(DoubleUnbox (Box %x0) %x1) = (DoubleUnbox$F0 %x0 %x1)
(DoubleUnbox * x) = x

(Main) = (DoubleUnbox (Box (Box 0)) 5)

(DoubleUnbox$F0 (Box x) *) = x
(DoubleUnbox$F0 * x) = x

(Box) = λx #Boxed λBox #Boxed.Box.x (Box x)
