---
source: tests/golden_tests.rs
input_file: tests/golden_tests/flatten_rules/nested.hvm
---
(Rule (CtrA %x0 %x1)) = (Rule$F0 %x0 %x1)
(Rule (CtrB b)) = b
(Rule x) = x

(CtrB1) = λb #Bar λCtrB1 #Bar λCtrB2 #Bar.CtrB1.b (CtrB1 b)

(CtrB2) = λa λb #Bar λCtrB1 #Bar λCtrB2 #Bar.CtrB2.b (#Bar.CtrB2.a (CtrB2 a) b)

(CtrC) = #Baz λCtrC CtrC

(CtrA) = λa λb #Foo λCtrA #Foo λCtrB #Foo.CtrA.b (#Foo.CtrA.a (CtrA a) b)

(CtrB) = λa #Foo λCtrA #Foo λCtrB #Foo.CtrB.a (CtrB a)

(Rule$F0 a (CtrB1 b)) = (a b)
(Rule$F0 %x0 (CtrB2 %x1 %x2)) = (Rule$F0$F0 %x0 %x1 %x2)
(Rule$F0 a b) = (a b)
(Rule$F0 %x0 %x1) = (CtrA %x0 %x1)

(Rule$F0$F0 a (CtrC) b) = (a b)
(Rule$F0$F0 a %x0 %x1) = (a (CtrB2 %x0 %x1))
(Rule$F0$F0 %x0 %x0 %x1) = (CtrA %x0 (CtrB2 %x0 %x1))
