---
source: tests/golden_tests.rs
input_file: tests/golden_tests/flatten_rules/nested_0ary.hvm
---
(Unpack cmp (Nil)) = Nil
(Unpack %x0 (Cons %x1 %x2)) = (Unpack$F0 %x0 %x1 %x2)
(Unpack cmp xs) = (cmp xs)

(Cons) = λhead λtail #list λCons #list λNil #list.Cons.tail (#list.Cons.head (Cons head) tail)

(Nil) = #list λCons #list λNil Nil

(Unpack$F0 cmp h (Nil)) = h
(Unpack$F0 cmp %x0 %x1) = (cmp (Cons %x0 %x1))
