---
source: tests/golden_tests.rs
input_file: tests/golden_tests/flatten_rules/nested_0ary.hvm
---
(Unpack cmp (Nil)) = Nil
(Unpack cmp (Cons h x$0)) = (((Unpack$F0 cmp) h) x$0)
(Unpack cmp xs) = (cmp xs)

(Cons) = λa0 λa1 λCons λNil ((Cons a0) a1)

(Nil) = λCons λNil Nil

(Unpack$F0 cmp h (Nil)) = h
(Unpack$F0 cmp x$0 x$1) = (cmp ((Cons x$0) x$1))
