---
source: tests/golden_tests.rs
expression: result
---
@App = (a (b (* (* ((a (b c)) (* (* (* (* (* (* c)))))))))))
@Dup = (a (b (c (d (* (* (* (* (* (* ((a (b (c (d e)))) (* (* e)))))))))))))
@F = (a (* (* a)))
@G = (a (* a))
@H = (* @G)
@Let = (a (b (c (* (* (* (* (* ((a (b (c d))) (* (* (* d))))))))))))
@Mul = (* @H)
@Num = (a (* ((a b) (* (* (* (* (* (* (* b))))))))))
@Op2 = (a (b (c (* (* (* (* (* (* (* (* ((a (b (c d))) d))))))))))))
@Sub = (* @F)
@Var = (a ((a b) (* (* (* (* (* (* (* (* b))))))))))
@main = a
& (b (c (d a))) ~ @Let
& (e (f (g (h d)))) ~ @Dup
& (i (j h)) ~ @App
& (#2 j) ~ @Var
& (#1 i) ~ @Var
& (#0 g) ~ @Var
& (#2 f) ~ @Var
& (#1 e) ~ @Var
& (@Mul (k c)) ~ @Op2
& (@Sub (l (m (n k)))) ~ @Op2
& (#3 n) ~ @Num
& (#1 m) ~ @Num
& (#2 l) ~ @Num
& (#0 b) ~ @Var

