---
source: tests/golden_tests.rs
input_file: tests/golden_tests/parse_file/redefinition_type_with_object.bend
---
[4m[1m[31mErrors:[0m
[1mIn [4mtests/golden_tests/parse_file/redefinition_type_with_object.bend[0m[1m :[0m
Redefinition of builtin (type) 'IO'.
Location: end of input
[0m  1 | [4m[31mobject IO { run }
[0m
