---
source: tests/golden_tests.rs
input_file: tests/golden_tests/parse_file/scape_chars.bend
---
(main) = (String/Cons 92 (String/Cons 32 (String/Cons 10 (String/Cons 32 (String/Cons 9 (String/Cons 32 (String/Cons 34 String/Nil)))))))

(String/Cons) = λhead λtail λString/Cons λString/Nil (String/Cons head tail)

(String/Nil) = λString/Cons λString/Nil String/Nil
