---
source: tests/golden_tests.rs
input_file: tests/golden_tests/parse_file/imp_map.bend
---
(Map/empty) = Map/Leaf

(Map/get) = λ%arg0 λ%arg1 use key = %arg1; use map = %arg0; match map = map { Map/Leaf: (*, map); Map/Node: switch _ = (== 0 key) { 0: switch _ = (% key 2) { 0: let (got, rest) = (Map/get map.left (/ key 2)); (got, (Map/Node map.value rest map.right)); _ _-1: let (got, rest) = (Map/get map.right (/ key 2)); (got, (Map/Node map.value map.left rest)); }; _ _-1: (map.value, map); }; }

(Map/set) = λ%arg0 λ%arg1 λ%arg2 use value = %arg2; use key = %arg1; use map = %arg0; match map = map { Map/Node: switch _ = (== 0 key) { 0: switch _ = (% key 2) { 0: (Map/Node map.value (Map/set map.left (/ key 2) value) map.right); _ _-1: (Map/Node map.value map.left (Map/set map.right (/ key 2) value)); }; _ _-1: (Map/Node value map.left map.right); }; Map/Leaf: switch _ = (== 0 key) { 0: switch _ = (% key 2) { 0: (Map/Node * (Map/set Map/Leaf (/ key 2) value) Map/Leaf); _ _-1: (Map/Node * Map/Leaf (Map/set Map/Leaf (/ key 2) value)); }; _ _-1: (Map/Node value Map/Leaf Map/Leaf); }; }

(main) = let x = (Map/set (Map/set Map/empty 2 1) 3 2); let (map/get%1, x) = (Map/get x 2); let y = (id map/get%1); let z = 4; let x = (Map/set x z 4); let (map/get%0, x) = (Map/get x z); (+ y map/get%0)

(Map/Node) = λvalue λleft λright λMap/Node λMap/Leaf (Map/Node value left right)

(Map/Leaf) = λMap/Node λMap/Leaf Map/Leaf
