---
source: tests/golden_tests.rs
input_file: tests/golden_tests/prelude/map_tests.bend
---
[4m[1m[31mErrors:[0m
[1mIn [4mtests/golden_tests/prelude/map_tests.bend[0m[1m :[0m
[1m- expected:[0m case 0
[1m- detected:[0m
[0m   36 |     [4m[31mcase 1:
[0m   37 | [4m[31m      (value, map) = Map/get(m, x)
[0m   38 | [4m[31m      return value
[0m   39 | [4m[31m    [0mcase 0:[0m
