---
source: tests/golden_tests.rs
input_file: tests/golden_tests/run_file/guide_enumerate.bend
---
NumScott:
λa (a Tree/Node/tag λb (b Tree/Node/tag λc (c Tree/Leaf/tag (0, 1)) λd (d Tree/Leaf/tag (1, 2))) λe (e Tree/Node/tag λf (f Tree/Leaf/tag (2, 3)) λg (g Tree/Leaf/tag (3, 4))))

Scott:
λa λ* (a λb λ* (b λ* λc (c (0, 1)) λ* λd (d (1, 2))) λe λ* (e λ* λf (f (2, 3)) λ* λg (g (3, 4))))
