---
source: tests/golden_tests.rs
input_file: tests/golden_tests/run_file/nested_str.bend
---
NumScott:
(λa (a String/Cons/tag "a" ""), (λc (c String/Cons/tag 97 λd (d String/Cons/tag "bc" "")), (λg (g String/Cons/tag "ab" "c"), λk (k String/Cons/tag "ab" λn (n String/Cons/tag "cd" "")))))

Scott:
(λ* λa (a "a" ""), (λ* λc (c 97 λ* λd (d "bc" "")), (λ* λg (g "ab" "c"), λ* λk (k "ab" λ* λn (n "cd" "")))))
