---
source: tests/golden_tests.rs
input_file: tests/golden_tests/run_file/override_str_ctr.hvm
---
Lazy mode:
At tests/golden_tests/run_file/override_str_ctr.hvm:2:5: String.cons is a built-in constructor and should not be overridden.
[0m  2 |   = [4m[31m(String.cons any)[0m



Strict mode:
At tests/golden_tests/run_file/override_str_ctr.hvm:2:5: String.cons is a built-in constructor and should not be overridden.
[0m  2 |   = [4m[31m(String.cons any)[0m
