---
source: tests/golden_tests.rs
input_file: tests/golden_tests/run_lazy/adt_match_wrong_tag.hvm
---
Readback Warning:
Unexpected tag found during Adt readback, expected '#Option', but found '#wrong_tag'
Invalid Adt Match
λa match a { (Some Some.val): #Option (#wrong_tag λb b Some.val); (None): * }
