---
source: tests/golden_tests.rs
input_file: tests/golden_tests/run_file/lam_op2.bend
---
NumScott:
[4m[1m[33mWarnings:[0m
[1mDuring readback:[0m
  Encountered an invalid numeric operation.

λa <Invalid>

Scott:
[4m[1m[33mWarnings:[0m
[1mDuring readback:[0m
  Encountered an invalid numeric operation.

λa <Invalid>
