---
source: tests/golden_tests.rs
input_file: tests/golden_tests/run_file/adt_option_and.hvm
---
Lazy mode:
λa match a { Some: λc match c { Some: (Some (a.val, c.val)); None: None }; None: λ* None }

Strict mode:
λa match a { Some: λc (match c { Some: λe (Some (e, c.val)); None: λ* None } a.val); None: λ* None }
