---
source: tests/golden_tests.rs
input_file: tests/golden_tests/simplify_matches/match_str.hvm
---
(is_as) = λa match a { (String.cons b c): (match b { 65: λd match d { (String.cons f g): (match f { 115: λh match h { (String.cons * *): 0; (String.nil): 2 }; *: λ* 0 } g); (String.nil): 0 }; 97: λp match p { (String.cons r s): (match r { 115: λt match t { (String.cons * *): 0; (String.nil): 2 }; *: λ* 0 } s); (String.nil): 0 }; *: λ* 0 } c); (String.nil): 1 }

(main) = *
