---
source: tests/golden_tests.rs
input_file: tests/golden_tests/simplify_matches/double_unwrap_maybe.bend
---
DoubleUnwrap: Any
(DoubleUnwrap) = λa match a { Maybe/Some b: match b { Maybe/Some c: λd let e = d; let f = e; c; Maybe/None: λg let h = g; let i = h; i; }; Maybe/None: λj let k = j; k; }

Main: Any
(Main) = (DoubleUnwrap (Maybe/Some Maybe/None) 5)

Maybe/Some: (Any -> Maybe)
(Maybe/Some) = λa λb (b Maybe/Some/tag a)

Maybe/None: Maybe
(Maybe/None) = λa (a Maybe/None/tag)

Maybe/Some/tag: u24
(Maybe/Some/tag) = 0

Maybe/None/tag: u24
(Maybe/None/tag) = 1
