---
source: tests/golden_tests.rs
input_file: tests/golden_tests/simplify_matches/double_unwrap_maybe.hvm
---
(DoubleUnwrap) = λa λb (match a { (Some c): λd (match c { (Some e): λ* e; (None): λg g } d); (None): λi i } b)

(Main) = (DoubleUnwrap (Some None) 5)

(Some) = λa #Maybe λb #Maybe λ* #Maybe (b a)

(None) = #Maybe λ* #Maybe λb b
