---
source: tests/golden_tests.rs
input_file: tests/golden_tests/simplify_matches/already_flat.hvm
---
(Rule1) = λa a

(Rule2) = λa λb b

(Rule3) = λa λb λc λd (a b c d)

(Rule4) = λa match a { CtrA: λb b; CtrB c: c; }

(Rule5) = λa match a { CtrA1 b: λc (b c); CtrA2 d e: λf (d e f); CtrA3 g: λh (match h { CtrB0: λi (CtrA3 i); CtrB1 j: λk (CtrA3 k j); CtrB2 l: λm (CtrA3 m (CtrB2 l)); CtrB3 n: λo (o n); } g); }

(Rule6) = λa a

(CtrA) = #Foo λa #Foo λb a

(CtrB) = λa #Foo λb #Foo λc #Foo (c a)

(CtrA1) = λa #Bar λb #Bar λc #Bar λd #Bar (b a)

(CtrA2) = λa λb #Bar λc #Bar λd #Bar λe #Bar (d a b)

(CtrA3) = λa #Bar λb #Bar λc #Bar λd #Bar (d a)

(CtrB0) = #Baz λa #Baz λb #Baz λc #Baz λd a

(CtrB1) = λa #Baz λb #Baz λc #Baz λd #Baz λe #Baz (c a)

(CtrB2) = λa #Baz λb #Baz λc #Baz λd #Baz λe #Baz (d a)

(CtrB3) = λa #Baz λb #Baz λc #Baz λd #Baz λe #Baz (e a)
