---
source: tests/golden_tests.rs
input_file: tests/golden_tests/simplify_matches/nested.hvm
---
(Rule) = λa match a { (CtrA b c): (match c { (CtrB1 d): λe (e d); (CtrB2 h i): λj (match h { (CtrC): λk λl (k l) } j i) } b); (CtrB p): p }

(CtrC) = #Baz λa a

(CtrB2) = λa λb #Bar λ* #Bar λd #Bar (d a b)

(CtrB1) = λa #Bar λb #Bar λ* #Bar (b a)

(CtrB) = λa #Foo λ* #Foo λc #Foo (c a)

(CtrA) = λa λb #Foo λc #Foo λ* #Foo (c a b)
