---
source: tests/golden_tests.rs
input_file: tests/golden_tests/simplify_matches/linearize_match_all.bend
---
A: Any
(A) = λa switch a { 0: λb λc (b c); _ d: λe λf (d e f); }

B: Any
(B) = λa λb λc (switch c { 0: λd λe (d e); _ f: λg λh (g h f); } a b)

C: Any
(C) = λa λb λc switch c { 0: (a b); _ d: (a b d); }

D: Any
(D) = λa switch a { 0: λb λc c; _ d: λe λf (d f); }

E: Any
(E) = λa match a { ConsList/Cons b c: λd let e = d; (match e { ConsList/Cons f g: λh λi (h i f g); ConsList/Nil: λj λk (ConsList/Cons j k ConsList/Nil); } b c); ConsList/Nil: λl let m = l; (ConsList/Nil m); }

A2: Any
(A2) = λa match a { ConsList/Cons b c: λd λe (b c d e); ConsList/Nil: λf λg (f g); }

B2: Any
(B2) = λa λb λc (match c { ConsList/Cons d e: λf λg (f g d e); ConsList/Nil: λh λi (h i); } a b)

C2: Any
(C2) = λa λb λc match c { ConsList/Cons d e: (a b d e); ConsList/Nil: (a b); }

D2: Any
(D2) = λa match a { ConsList/Cons b c: λd λe (b c d e); ConsList/Nil: λf λg (f g); }

main: Any
(main) = *

ConsList/Cons: (Any -> (Any -> ConsList))
(ConsList/Cons) = λa λb λc (c ConsList/Cons/tag a b)

ConsList/Nil: ConsList
(ConsList/Nil) = λa (a ConsList/Nil/tag)

ConsList/Cons/tag: u24
(ConsList/Cons/tag) = 0

ConsList/Nil/tag: u24
(ConsList/Nil/tag) = 1
