---
source: tests/golden_tests.rs
input_file: tests/golden_tests/simplify_matches/already_flat.bend
---
(Rule1) = λa a

(Rule2) = λa λb b

(Rule3) = λa λb λc λd (a b c d)

(Rule4) = λa match a { Foo/CtrA: λb b; Foo/CtrB c: c; }

(Rule5) = λa match a { Bar/CtrA1 b: λc (b c); Bar/CtrA2 d e: λf (d e f); Bar/CtrA3 g: λh (match h { Baz/CtrB0: λi (Bar/CtrA3 i); Baz/CtrB1 j: λk (Bar/CtrA3 k j); Baz/CtrB2 l: λm (Bar/CtrA3 m (Baz/CtrB2 l)); Baz/CtrB3 n: λo (o n); } g); }

(Rule6) = λa a

(Foo/CtrA) = λa (a 0)

(Foo/CtrB) = λa λb (b 1 a)

(Bar/CtrA1) = λa λb (b 0 a)

(Bar/CtrA2) = λa λb λc (c 1 a b)

(Bar/CtrA3) = λa λb (b 2 a)

(Baz/CtrB0) = λa (a 0)

(Baz/CtrB1) = λa λb (b 1 a)

(Baz/CtrB2) = λa λb (b 2 a)

(Baz/CtrB3) = λa λb (b 3 a)
