---
source: tests/golden_tests.rs
input_file: tests/golden_tests/simplify_matches/double_unwrap_box.bend
---
DoubleUnbox: Any
(DoubleUnbox) = λa match a { Boxed/Box b: match b { Boxed/Box c: λd let e = d; let f = e; c; }; }

Main: Any
(Main) = (DoubleUnbox (Boxed/Box (Boxed/Box 0)) 5)

Boxed/Box: (Any -> Boxed)
(Boxed/Box) = λa λb (b Boxed/Box/tag a)

Boxed/Box/tag: u24
(Boxed/Box/tag) = 0
