---
source: tests/golden_tests.rs
input_file: tests/golden_tests/simplify_matches/nested2.bend
---
(Foo) = λa λb (match b { List/Nil: λc (c List/Nil); List/Cons d e: λf (match e { List/Nil: λg λh (g (List/Cons h List/Nil)); List/Cons i j: λk λl (k l i j); } f d); } a)

(List/Nil) = λa (a 0)

(List/Cons) = λa λb λc (c 1 a b)
