---
source: tests/golden_tests.rs
input_file: tests/golden_tests/simplify_matches/bits_dec.bend
---
(Data.Bits.dec) = λa match a { Data/Bits/e: Data/Bits/e; Data/Bits/o b: match b { Data/Bits/e: Data/Bits/e; Data/Bits/o c: (Data/Bits/i (Data.Bits.dec c)); Data/Bits/i d: (Data/Bits/i (Data.Bits.dec d)); }; Data/Bits/i e: match e { Data/Bits/e: (Data/Bits/o Data/Bits/e); Data/Bits/o f: (Data/Bits/o f); Data/Bits/i g: (Data/Bits/o g); }; }

(Data/Bits/e) = λa (a 0)

(Data/Bits/o) = λa λb (b 1 a)

(Data/Bits/i) = λa λb (b 2 a)
